Microchip MPLAB XC8 Compiler V2.10 ()

Linker command line:

-W-3 --edf=C:\Program Files (x86)\Microchip\xc8\v2.10\pic\dat\en_msgs.txt \
  -cs -h+dist/default/production\usb-pic18f45k50.X.production.sym \
  --cmf=dist/default/production\usb-pic18f45k50.X.production.cmf -z \
  -Q18F45K50 -oC:\Users\mario\AppData\Local\Temp\siek.2 \
  --defsym=__MPLAB_BUILD=1 \
  -Mdist/default/production/usb-pic18f45k50.X.production.map -E1 -ver=XC8 \
  --acfsm=1493 -ASTACK=0580h-07FFh -pstack=STACK -ACODE=00h-07FFFh \
  -ACONST=00h-07FFFh -ASMALLCONST=0800h-08FFhx120 \
  -AMEDIUMCONST=0800h-07FFFh -ACOMRAM=01h-05Fh -AABS1=00h-07FFh \
  -ABIGRAM=01h-07FFh -ARAM=060h-0FFh,0100h-01FFhx7 -ABANK0=060h-0FFh \
  -ABANK1=0100h-01FFh -ABANK2=0200h-02FFh -ABANK3=0300h-03FFh \
  -ABANK4=0400h-04FFh -ABANK5=0500h-05FFh -ABANK6=0600h-06FFh \
  -ABANK7=0700h-07FFh -ASFR=0F53h-0F5Fh,0F60h-0FFFh \
  -preset_vec=00h,intcode=08h,intcodelo,powerup,init -pramtop=0800h \
  -psmallconst=SMALLCONST -pmediumconst=MEDIUMCONST -pconst=CONST \
  -AFARRAM=00h-00h -ACONFIG=0300000h-030000Dh -pconfig=CONFIG \
  -AIDLOC=0200000h-0200007h -pidloc=IDLOC -AEEDATA=0F00000h-0F000FFh \
  -peeprom_data=EEDATA \
  -prdata=COMRAM,nvrram=COMRAM,nvbit=COMRAM,rbss=COMRAM,rbit=COMRAM \
  -pfarbss=FARRAM,fardata=FARRAM,nvFARRAM=FARRAM \
  -pintsave_regs=BIGRAM,bigbss=BIGRAM,bigdata=BIGRAM -pbss=RAM \
  -pidata=CODE,irdata=CODE,ibigdata=CODE,ifardata=CODE -prparam=COMRAM \
  C:\Users\mario\AppData\Local\Temp\siek.o \
  dist/default/production\usb-pic18f45k50.X.production.o 

Object code version is 3.11

Machine type is 18F45K50

Call graph: (short form)




                Name                               Link     Load   Length Selector   Space Scale
C:\Users\mario\AppData\Local\Temp\siek.o
                init                                 80       80        4        4       0
                reset_vec                             0        0        4        0       0
                idloc                            200000   200000        8   200000       0
                config                           300000   300000        E   300000       0
dist/default/production\usb-pic18f45k50.X.production.o
                intcode                               8        8       78        4       0
                temp                                 52       52        1        1       1
                smallconst                          800      800       BA      400       0
                text50                             1E60     1E60      110      45D       0
                text49                             218A     218A      10A      45D       0
                text48                             2294     2294       F2      45D       0
                text47                             1834     1834      144      45D       0
                text46                             2A96     2A96       74      45D       0
                text45                             282A     282A       AC      45D       0
                text44                             2DA0     2DA0       4C      45D       0
                text43                             1BFC     1BFC      13E      45D       0
                text42                             2B7A     2B7A       64      45D       0
                text41                             207E     207E      10C      45D       0
                text40                             2A0E     2A0E       88      45D       0
                text39                              8BA      8BA      35C      45D       0
                text38                             12C6     12C6      174      45D       0
                text37                             1F70     1F70      10E      45D       0
                text36                             1150     1150      176      45D       0
                text35                             2386     2386       EA      45D       0
                text34                             1D3A     1D3A      126      45D       0
                text33                             2776     2776       B4      45D       0
                text32                             1ABA     1ABA      142      45D       0
                text31                             297E     297E       90      45D       0
                text30                             2D50     2D50       50      45D       0
                text29                             26BE     26BE       B8      45D       0
                text28                             2F78     2F78       34      45D       0
                text27                             2C40     2C40       60      45D       0
                text26                             2FDE     2FDE       2E      45D       0
                text25                             2EBE     2EBE       42      45D       0
                text24                             16E8     16E8      14C      45D       0
                text23                              C16      C16      228      45D       0
                text21                             3042     3042        E      45D       0
                text20                             300C     300C       20      45D       0
                text19                             2F00     2F00       3E      45D       0
                text18                             2E7C     2E7C       42      45D       0
                text17                              FD8      FD8      178      45D       0
                text16                             159C     159C      14C      45D       0
                text15                             302C     302C       16      45D       0
                text14                             1978     1978      142      45D       0
                text13                              E3E      E3E      19A      45D       0
                text12                             2606     2606       B8      45D       0
                text11                             2B0A     2B0A       70      45D       0
                text10                             3050     3050        2      45D       0
                text9                              2470     2470       CC      45D       0
                text8                              2E34     2E34       48      45D       0
                text7                              2F3E     2F3E       3A      45D       0
                text6                              253C     253C       CA      45D       0
                text5                              2CA0     2CA0       5E      45D       0
                text4                              143A     143A      162      45D       0
                text3                              2BDE     2BDE       62      45D       0
                text2                              2CFE     2CFE       52      45D       0
                text1                              28D6     28D6       A8      45D       0
                text0                              2DEC     2DEC       48      45D       0
                cstackCOMRAM                          1        1       29        1       1
                cstackBANK0                          AA       AA       46       60       1
                bssBANK1                            100      100       A0      100       1
                bssBANK0                             60       60       4A       60       1
                bssCOMRAM                            2A       2A       28        1       1
                cinit                              2FAC     2FAC       32      45D       0

TOTAL           Name                               Link     Load   Length     Space
        CLASS   STACK          

        CLASS   CODE           
                intcode                               8        8       78         0
                init                                 80       80        4         0
                reset_vec                             0        0        4         0
                text50                             1E60     1E60      110         0
                text49                             218A     218A      10A         0
                text48                             2294     2294       F2         0
                text47                             1834     1834      144         0
                text46                             2A96     2A96       74         0
                text45                             282A     282A       AC         0
                text44                             2DA0     2DA0       4C         0
                text43                             1BFC     1BFC      13E         0
                text42                             2B7A     2B7A       64         0
                text41                             207E     207E      10C         0
                text40                             2A0E     2A0E       88         0
                text39                              8BA      8BA      35C         0
                text38                             12C6     12C6      174         0
                text37                             1F70     1F70      10E         0
                text36                             1150     1150      176         0
                text35                             2386     2386       EA         0
                text34                             1D3A     1D3A      126         0
                text33                             2776     2776       B4         0
                text32                             1ABA     1ABA      142         0
                text31                             297E     297E       90         0
                text30                             2D50     2D50       50         0
                text29                             26BE     26BE       B8         0
                text28                             2F78     2F78       34         0
                text27                             2C40     2C40       60         0
                text26                             2FDE     2FDE       2E         0
                text25                             2EBE     2EBE       42         0
                text24                             16E8     16E8      14C         0
                text23                              C16      C16      228         0
                text21                             3042     3042        E         0
                text20                             300C     300C       20         0
                text19                             2F00     2F00       3E         0
                text18                             2E7C     2E7C       42         0
                text17                              FD8      FD8      178         0
                text16                             159C     159C      14C         0
                text15                             302C     302C       16         0
                text14                             1978     1978      142         0
                text13                              E3E      E3E      19A         0
                text12                             2606     2606       B8         0
                text11                             2B0A     2B0A       70         0
                text10                             3050     3050        2         0
                text9                              2470     2470       CC         0
                text8                              2E34     2E34       48         0
                text7                              2F3E     2F3E       3A         0
                text6                              253C     253C       CA         0
                text5                              2CA0     2CA0       5E         0
                text4                              143A     143A      162         0
                text3                              2BDE     2BDE       62         0
                text2                              2CFE     2CFE       52         0
                text1                              28D6     28D6       A8         0
                text0                              2DEC     2DEC       48         0
                cinit                              2FAC     2FAC       32         0

        CLASS   CONST          

        CLASS   SMALLCONST     
                smallconst                          800      800       BA         0

        CLASS   MEDIUMCONST    

        CLASS   COMRAM         
                temp                                 52       52        1         1
                cstackCOMRAM                          1        1       29         1
                bssCOMRAM                            2A       2A       28         1

        CLASS   ABS1           
                abs_s1                              400      400       40         1
                abs_s1                              500      500       80         1

        CLASS   BIGRAM         

        CLASS   RAM            

        CLASS   BANK0          
                cstackBANK0                          AA       AA       46         1
                bssBANK0                             60       60       4A         1

        CLASS   BANK1          
                bssBANK1                            100      100       A0         1

        CLASS   BANK2          

        CLASS   BANK3          

        CLASS   BANK4          

        CLASS   BANK5          

        CLASS   BANK6          

        CLASS   BANK7          

        CLASS   SFR            

        CLASS   FARRAM         

        CLASS   CONFIG         
                config                           300000   300000        E         0

        CLASS   IDLOC          
                idloc                            200000   200000        8         0

        CLASS   EEDATA         



SEGMENTS        Name                           Load    Length   Top    Selector   Space  Class

                reset_vec                      000000  000004  000004         0       0  CODE    
                cstackCOMRAM                   000001  000052  000053         1       1  COMRAM  
                intcode                        000008  00007C  000084         4       0  CODE    
                bssBANK0                       000060  000090  0000F0        60       1  BANK0   
                bssBANK1                       000100  0000A0  0001A0       100       1  BANK1   
                smallconst                     000800  0000BA  0008BA       400       0  SMALLCON
                text39                         0008BA  002798  003052       45D       0  CODE    
                idloc                          200000  000008  200008    200000       0  IDLOC   
                config                         300000  00000E  30000E    300000       0  CONFIG  


UNUSED ADDRESS RANGES

        Name                Unused          Largest block    Delta
        BANK0            0000F0-0000FF               10
        BANK1            0001A0-0001FF               60
        BANK2            000200-0002FF              100
        BANK3            000300-0003FF              100
        BANK4            000440-0004FF               C0
        BANK5            000580-0005FF               80
        BANK6            000600-0006FF              100
        BANK7            000700-0007FF              100
        BIGRAM           000053-00005F                D
                         0000F0-0000FF               10
                         0001A0-0003FF              260
                         000440-0004FF               C0
                         000580-0007FF              280
        CODE             000004-000007                4
                         000084-0007FF              77C
                         003052-007FFF             4FAE
        COMRAM           000053-00005F                D
        CONST            000004-000007                4
                         000084-0007FF              77C
                         003052-007FFF             4FAE
        EEDATA           F00000-F000FF              100
        MEDIUMCONST      003052-007FFF             4FAE
        RAM              0000F0-0000FF               10
                         0001A0-0003FF              100
                         000440-0004FF               C0
                         000580-0007FF              100
        SFR              000F53-000FFF                D
        SMALLCONST       003052-007FFF              100
        STACK            000580-0007FF              280

                                  Symbol Table

?_USBTransferOnePacket                    cstackBANK0  0000AA
?_ctoa                                    cstackBANK0  0000C5
?_pad                                     cstackBANK0  0000BA
?_sprintf                                 cstackBANK0  0000DB
?_strlen                                  cstackBANK0  0000AA
?_vfpfcnvrt                               cstackBANK0  0000CA
?_vfprintf                                cstackBANK0  0000D3
?i2_USBTransferOnePacket                  cstackCOMRAM 000001
CDCTxService@byte_to_send                 cstackBANK0  0000B6
CDCTxService@i                            cstackBANK0  0000B5
USBConfigureEndpoint@EPNum                cstackCOMRAM 000006
USBConfigureEndpoint@direction            cstackCOMRAM 000001
USBConfigureEndpoint@handle               cstackCOMRAM 000007
USBCtrlTrfInHandler@lastDTS               cstackCOMRAM 000002
USBCtrlTrfRxService@byteToRead            cstackCOMRAM 000002
USBCtrlTrfRxService@i                     cstackCOMRAM 000001
USBCtrlTrfTxService@byteToSend            cstackCOMRAM 000001
USBDeviceInit@i                           cstackBANK0  0000B6
USBDeviceTasks@i                          cstackCOMRAM 00001F
USBEnableEndpoint@ep                      cstackCOMRAM 00000C
USBEnableEndpoint@options                 cstackCOMRAM 000009
USBEnableEndpoint@p                       cstackCOMRAM 00000A
USBStdFeatureReqHandler@current_ep_data   cstackCOMRAM 000019
USBStdFeatureReqHandler@p                 cstackCOMRAM 00001A
USBStdFeatureReqHandler@pUEP              cstackCOMRAM 000017
USBStdGetStatusHandler@p                  cstackCOMRAM 000003
USBStdSetCfgHandler@i                     cstackCOMRAM 000015
USBTask@READ                              cstackBANK0  0000EF
USBTransferOnePacket@data                 cstackBANK0  0000AB
USBTransferOnePacket@dir                  cstackBANK0  0000AA
USBTransferOnePacket@ep                   cstackBANK0  0000B2
USBTransferOnePacket@handle               cstackBANK0  0000B3
USBTransferOnePacket@len                  cstackBANK0  0000AD
USER_USB_CALLBACK_EVENT_HANDLER@event     cstackCOMRAM 00000D
USER_USB_CALLBACK_EVENT_HANDLER@pdata     cstackCOMRAM 00000F
USER_USB_CALLBACK_EVENT_HANDLER@size      cstackCOMRAM 000011
_ACTCON                                   (abs)        000FB5
_ANSELA                                   (abs)        000F5B
_ANSELB                                   (abs)        000F5C
_ANSELC                                   (abs)        000F5D
_ANSELD                                   (abs)        000F5E
_ANSELE                                   (abs)        000F5F
_BDT                                      (abs)        000400
_BaudRateGen                              bssCOMRAM    00002A
_BothEP0OutUOWNsSet                       bssCOMRAM    000041
_CDCDataInHandle                          bssBANK0     000098
_CDCDataOutHandle                         bssBANK0     00009A
_CDCInitEP                                text42       002B7A
_CDCTxService                             text13       000E3E
_CtrlTrfData                              (abs)        000438
_GIE                                      (abs)        007F97
_INTCON2bits                              (abs)        000FF1
_INTCONbits                               (abs)        000FF2
_INTERRUPT_Initialize                     text21       003042
_INTERRUPT_InterruptManagerHigh           intcode      000008
_IPEN                                     (abs)        007E87
_IPR3bits                                 (abs)        000FA5
_LATA                                     (abs)        000F89
_LATB                                     (abs)        000F8A
_LATC                                     (abs)        000F8B
_LATC0                                    (abs)        007C58
_LATD                                     (abs)        000F8C
_LATE                                     (abs)        000F8D
_OSCCON                                   (abs)        000FD3
_OSCCON2                                  (abs)        000FD2
_OSCILLATOR_Initialize                    text20       00300C
_OSCTUNE                                  (abs)        000F9B
_PEIE                                     (abs)        007F96
_PIE3bits                                 (abs)        000FA3
_PIN_MANAGER_Initialize                   text19       002F00
_PIR3bits                                 (abs)        000FA4
_PLLRDY                                   (abs)        007E97
_RCONbits                                 (abs)        000FD0
_RemoteWakeup                             bssCOMRAM    000043
_SYSTEM_Initialize                        text15       00302C
_SetupPkt                                 (abs)        000430
_T0CON                                    (abs)        000FD5
_TMR0H                                    (abs)        000FD7
_TMR0IF                                   (abs)        007F92
_TMR0L                                    (abs)        000FD6
_TMR0ON                                   (abs)        007EAF
_TRISA                                    (abs)        000F92
_TRISB                                    (abs)        000F93
_TRISC                                    (abs)        000F94
_TRISD                                    (abs)        000F95
_TRISE                                    (abs)        000F96
_UADDR                                    (abs)        000F63
_UCFG                                     (abs)        000F62
_UCON                                     (abs)        000F60
_UCONbits                                 (abs)        000F60
_UEIE                                     (abs)        000F66
_UEIR                                     (abs)        000F67
_UEP0                                     (abs)        000F6A
_UEP0bits                                 (abs)        000F6A
_UEP1                                     (abs)        000F6B
_UIE                                      (abs)        000F64
_UIEbits                                  (abs)        000F64
_UIR                                      (abs)        000F65
_UIRbits                                  (abs)        000F65
_USB1msTickCount                          bssCOMRAM    00002E
_USBActiveConfiguration                   bssCOMRAM    000051
_USBAlternateInterface                    bssCOMRAM    00004E
_USBBusIsSuspended                        bssBANK0     0000A1
_USBCheckCDCRequest                       text41       00207E
_USBCheckStdRequest                       text34       001D3A
_USBConfigureEndpoint                     text45       00282A
_USBCtrlEPAllowDataStage                  text33       002776
_USBCtrlEPAllowStatusStage                text48       002294
_USBCtrlEPService                         text29       0026BE
_USBCtrlEPServiceComplete                 text32       001ABA
_USBCtrlTrfInHandler                      text49       00218A
_USBCtrlTrfOutHandler                     text46       002A96
_USBCtrlTrfRxService                      text47       001834
_USBCtrlTrfSetupHandler                   text31       00297E
_USBCtrlTrfTxService                      text50       001E60
_USBDeferINDataStagePackets               bssCOMRAM    00003C
_USBDeferOUTDataStagePackets              bssCOMRAM    00003B
_USBDeferStatusStagePacket                bssCOMRAM    00003F
_USBDeviceAttach                          text18       002E7C
_USBDeviceInit                            text16       00159C
_USBDeviceState                           bssCOMRAM    000046
_USBDeviceTasks                           text23       000C16
_USBEnableEndpoint                        text44       002DA0
_USBIE                                    (abs)        007D1A
_USBIF                                    (abs)        007D22
_USBIncrement1msInternalTimers            text28       002F78
_USBStallHandler                          text27       002C40
_USBStatusStageEnabledFlag1               bssCOMRAM    00003E
_USBStatusStageEnabledFlag2               bssCOMRAM    00003D
_USBStatusStageTimeoutCounter             bssCOMRAM    000040
_USBStdFeatureReqHandler                  text39       0008BA
_USBStdGetDscHandler                      text38       0012C6
_USBStdGetStatusHandler                   text37       001F70
_USBStdSetCfgHandler                      text35       002386
_USBSuspend                               text26       002FDE
_USBTask                                  text1        0028D6
_USBTicksSinceSuspendEnd                  bssBANK0     0000A0
_USBTransferOnePacket                     text14       001978
_USBWakeFromSuspend                       text25       002EBE
_USB_CD_Ptr                               smallconst   000807
_USB_Out_Buffer                           bssBANK1     000140
_USB_SD_Ptr                               smallconst   000801
_USER_USB_CALLBACK_EVENT_HANDLER          text40       002A0E
_USTAT                                    (abs)        000F61
_USTATcopy                                bssCOMRAM    000050
_WPUB                                     (abs)        000F85
__CFG_BOREN$SBORDIS                       (abs)        000000
__CFG_BORV$190                            (abs)        000000
__CFG_CCP2MX$RC1                          (abs)        000000
__CFG_CFGPLLEN$OFF                        (abs)        000000
__CFG_CP0$OFF                             (abs)        000000
__CFG_CP1$OFF                             (abs)        000000
__CFG_CP2$OFF                             (abs)        000000
__CFG_CP3$OFF                             (abs)        000000
__CFG_CPB$OFF                             (abs)        000000
__CFG_CPD$OFF                             (abs)        000000
__CFG_CPUDIV$NOCLKDIV                     (abs)        000000
__CFG_DEBUG$OFF                           (abs)        000000
__CFG_EBTR0$OFF                           (abs)        000000
__CFG_EBTR1$OFF                           (abs)        000000
__CFG_EBTR2$OFF                           (abs)        000000
__CFG_EBTR3$OFF                           (abs)        000000
__CFG_EBTRB$OFF                           (abs)        000000
__CFG_FCMEN$OFF                           (abs)        000000
__CFG_FOSC$INTOSCIO                       (abs)        000000
__CFG_ICPRT$OFF                           (abs)        000000
__CFG_IESO$OFF                            (abs)        000000
__CFG_LS48MHZ$SYS48X8                     (abs)        000000
__CFG_LVP$OFF                             (abs)        000000
__CFG_MCLRE$ON                            (abs)        000000
__CFG_PBADEN$OFF                          (abs)        000000
__CFG_PCLKEN$ON                           (abs)        000000
__CFG_PLLSEL$PLL3X                        (abs)        000000
__CFG_SDOMX$RB3                           (abs)        000000
__CFG_STVREN$ON                           (abs)        000000
__CFG_T3CMX$RC0                           (abs)        000000
__CFG_WDTEN$OFF                           (abs)        000000
__CFG_WDTPS$32768                         (abs)        000000
__CFG_WRT0$OFF                            (abs)        000000
__CFG_WRT1$OFF                            (abs)        000000
__CFG_WRT2$OFF                            (abs)        000000
__CFG_WRT3$OFF                            (abs)        000000
__CFG_WRTB$OFF                            (abs)        000000
__CFG_WRTC$OFF                            (abs)        000000
__CFG_WRTD$OFF                            (abs)        000000
__CFG_XINST$OFF                           (abs)        000000
__CFG_nLPBOR$OFF                          (abs)        000000
__CFG_nPWRTEN$OFF                         (abs)        000000
__HRAM                                    (abs)        000000
__Habs1                                   abs1         000000
__Hbank0                                  bank0        000000
__Hbank1                                  bank1        000000
__Hbank2                                  bank2        000000
__Hbank3                                  bank3        000000
__Hbank4                                  bank4        000000
__Hbank5                                  bank5        000000
__Hbank6                                  bank6        000000
__Hbank7                                  bank7        000000
__Hbigbss                                 bigbss       000000
__Hbigdata                                bigdata      000000
__Hbigram                                 bigram       000000
__Hbss                                    bss          000000
__HbssBANK0                               bssBANK0     000000
__HbssBANK1                               bssBANK1     000000
__HbssCOMRAM                              bssCOMRAM    000000
__Hcinit                                  cinit        000000
__Hclrtext                                clrtext      000000
__Hcomram                                 comram       000000
__Hconfig                                 config       30000E
__Hconst                                  const        000000
__HcstackBANK0                            cstackBANK0  000000
__HcstackCOMRAM                           cstackCOMRAM 000000
__Hdata                                   data         000000
__Heeprom_data                            eeprom_data  000000
__Hfarbss                                 farbss       000000
__Hfardata                                fardata      000000
__Hibigdata                               ibigdata     000000
__Hidata                                  idata        000000
__Hidloc                                  idloc        200008
__Hifardata                               ifardata     000000
__Hinit                                   init         000084
__Hintcode                                intcode      000080
__Hintcode_body                           intcode_body 000000
__Hintcodelo                              intcodelo    000080
__Hintentry                               intentry     000000
__Hintret                                 intret       000000
__Hintsave_regs                           intsave_regs 000000
__Hirdata                                 irdata       000000
__Hmediumconst                            mediumconst  000000
__HnvFARRAM                               nvFARRAM     000000
__Hnvbit                                  nvbit        000000
__Hnvrram                                 nvrram       000000
__Hparam                                  rparam       000000
__Hpowerup                                powerup      000080
__Hram                                    ram          000000
__Hramtop                                 ramtop       000800
__Hrbit                                   rbit         000000
__Hrbss                                   rbss         000000
__Hrdata                                  rdata        000000
__Hreset_vec                              reset_vec    000004
__Hrparam                                 rparam       000000
__Hsfr                                    sfr          000000
__Hsmallconst                             smallconst   0008BA
__Hspace_0                                (abs)        30000E
__Hspace_1                                (abs)        0001A0
__Hspace_2                                (abs)        000000
__Hstack                                  stack        000000
__Hstruct                                 struct       000000
__Htemp                                   temp         000053
__Htext                                   text         000000
__Htext0                                  text0        000000
__Htext1                                  text1        000000
__Htext10                                 text10       000000
__Htext11                                 text11       000000
__Htext12                                 text12       000000
__Htext13                                 text13       000000
__Htext14                                 text14       000000
__Htext15                                 text15       000000
__Htext16                                 text16       000000
__Htext17                                 text17       000000
__Htext18                                 text18       000000
__Htext19                                 text19       000000
__Htext2                                  text2        000000
__Htext20                                 text20       000000
__Htext21                                 text21       000000
__Htext23                                 text23       000000
__Htext24                                 text24       000000
__Htext25                                 text25       000000
__Htext26                                 text26       000000
__Htext27                                 text27       000000
__Htext28                                 text28       000000
__Htext29                                 text29       000000
__Htext3                                  text3        000000
__Htext30                                 text30       000000
__Htext31                                 text31       000000
__Htext32                                 text32       000000
__Htext33                                 text33       000000
__Htext34                                 text34       000000
__Htext35                                 text35       000000
__Htext36                                 text36       000000
__Htext37                                 text37       000000
__Htext38                                 text38       000000
__Htext39                                 text39       000000
__Htext4                                  text4        000000
__Htext40                                 text40       000000
__Htext41                                 text41       000000
__Htext42                                 text42       000000
__Htext43                                 text43       000000
__Htext44                                 text44       000000
__Htext45                                 text45       000000
__Htext46                                 text46       000000
__Htext47                                 text47       000000
__Htext48                                 text48       000000
__Htext49                                 text49       000000
__Htext5                                  text5        000000
__Htext50                                 text50       000000
__Htext6                                  text6        000000
__Htext7                                  text7        000000
__Htext8                                  text8        000000
__Htext9                                  text9        000000
__LRAM                                    (abs)        000001
__Labs1                                   abs1         000000
__Lbank0                                  bank0        000000
__Lbank1                                  bank1        000000
__Lbank2                                  bank2        000000
__Lbank3                                  bank3        000000
__Lbank4                                  bank4        000000
__Lbank5                                  bank5        000000
__Lbank6                                  bank6        000000
__Lbank7                                  bank7        000000
__Lbigbss                                 bigbss       000000
__Lbigdata                                bigdata      000000
__Lbigram                                 bigram       000000
__Lbss                                    bss          000000
__LbssBANK0                               bssBANK0     000000
__LbssBANK1                               bssBANK1     000000
__LbssCOMRAM                              bssCOMRAM    000000
__Lcinit                                  cinit        000000
__Lclrtext                                clrtext      000000
__Lcomram                                 comram       000000
__Lconfig                                 config       300000
__Lconst                                  const        000000
__LcstackBANK0                            cstackBANK0  000000
__LcstackCOMRAM                           cstackCOMRAM 000000
__Ldata                                   data         000000
__Leeprom_data                            eeprom_data  000000
__Lfarbss                                 farbss       000000
__Lfardata                                fardata      000000
__Libigdata                               ibigdata     000000
__Lidata                                  idata        000000
__Lidloc                                  idloc        200000
__Lifardata                               ifardata     000000
__Linit                                   init         000080
__Lintcode                                intcode      000008
__Lintcode_body                           intcode_body 000000
__Lintcodelo                              intcodelo    000080
__Lintentry                               intentry     000000
__Lintret                                 intret       000000
__Lintsave_regs                           intsave_regs 000000
__Lirdata                                 irdata       000000
__Lmediumconst                            mediumconst  000000
__LnvFARRAM                               nvFARRAM     000000
__Lnvbit                                  nvbit        000000
__Lnvrram                                 nvrram       000000
__Lparam                                  rparam       000000
__Lpowerup                                powerup      000080
__Lram                                    ram          000000
__Lramtop                                 ramtop       000800
__Lrbit                                   rbit         000000
__Lrbss                                   rbss         000000
__Lrdata                                  rdata        000000
__Lreset_vec                              reset_vec    000000
__Lrparam                                 rparam       000000
__Lsfr                                    sfr          000000
__Lsmallconst                             smallconst   000800
__Lspace_0                                (abs)        000000
__Lspace_1                                (abs)        000000
__Lspace_2                                (abs)        000000
__Lstack                                  stack        000000
__Lstruct                                 struct       000000
__Ltemp                                   temp         000052
__Ltext                                   text         000000
__Ltext0                                  text0        000000
__Ltext1                                  text1        000000
__Ltext10                                 text10       000000
__Ltext11                                 text11       000000
__Ltext12                                 text12       000000
__Ltext13                                 text13       000000
__Ltext14                                 text14       000000
__Ltext15                                 text15       000000
__Ltext16                                 text16       000000
__Ltext17                                 text17       000000
__Ltext18                                 text18       000000
__Ltext19                                 text19       000000
__Ltext2                                  text2        000000
__Ltext20                                 text20       000000
__Ltext21                                 text21       000000
__Ltext23                                 text23       000000
__Ltext24                                 text24       000000
__Ltext25                                 text25       000000
__Ltext26                                 text26       000000
__Ltext27                                 text27       000000
__Ltext28                                 text28       000000
__Ltext29                                 text29       000000
__Ltext3                                  text3        000000
__Ltext30                                 text30       000000
__Ltext31                                 text31       000000
__Ltext32                                 text32       000000
__Ltext33                                 text33       000000
__Ltext34                                 text34       000000
__Ltext35                                 text35       000000
__Ltext36                                 text36       000000
__Ltext37                                 text37       000000
__Ltext38                                 text38       000000
__Ltext39                                 text39       000000
__Ltext4                                  text4        000000
__Ltext40                                 text40       000000
__Ltext41                                 text41       000000
__Ltext42                                 text42       000000
__Ltext43                                 text43       000000
__Ltext44                                 text44       000000
__Ltext45                                 text45       000000
__Ltext46                                 text46       000000
__Ltext47                                 text47       000000
__Ltext48                                 text48       000000
__Ltext49                                 text49       000000
__Ltext5                                  text5        000000
__Ltext50                                 text50       000000
__Ltext6                                  text6        000000
__Ltext7                                  text7        000000
__Ltext8                                  text8        000000
__Ltext9                                  text9        000000
__S0                                      (abs)        30000E
__S1                                      (abs)        0001A0
__S2                                      (abs)        000000
___inthi_sp                               stack        000000
___intlo_sp                               stack        000000
___param_bank                             (abs)        000000
___rparam_used                            (abs)        000001
___sp                                     stack        000000
__accesstop                               (abs)        000060
__activetblptr                            (abs)        000002
__end_of_CDCInitEP                        text42       002BDE
__end_of_CDCTxService                     text13       000FD8
__end_of_INTERRUPT_Initialize             text21       003050
__end_of_INTERRUPT_InterruptManagerHigh   intcode      000080
__end_of_OSCILLATOR_Initialize            text20       00302C
__end_of_PIN_MANAGER_Initialize           text19       002F3E
__end_of_SYSTEM_Initialize                text15       003042
__end_of_USBCheckCDCRequest               text41       00218A
__end_of_USBCheckStdRequest               text34       001E60
__end_of_USBConfigureEndpoint             text45       0028D6
__end_of_USBCtrlEPAllowDataStage          text33       00282A
__end_of_USBCtrlEPAllowStatusStage        text48       002386
__end_of_USBCtrlEPService                 text29       002776
__end_of_USBCtrlEPServiceComplete         text32       001BFC
__end_of_USBCtrlTrfInHandler              text49       002294
__end_of_USBCtrlTrfOutHandler             text46       002B0A
__end_of_USBCtrlTrfRxService              text47       001978
__end_of_USBCtrlTrfSetupHandler           text31       002A0E
__end_of_USBCtrlTrfTxService              text50       001F70
__end_of_USBDeviceAttach                  text18       002EBE
__end_of_USBDeviceInit                    text16       0016E8
__end_of_USBDeviceTasks                   text23       000E3E
__end_of_USBEnableEndpoint                text44       002DEC
__end_of_USBIncrement1msInternalTimers    text28       002FAC
__end_of_USBStallHandler                  text27       002CA0
__end_of_USBStdFeatureReqHandler          text39       000C16
__end_of_USBStdGetDscHandler              text38       00143A
__end_of_USBStdGetStatusHandler           text37       00207E
__end_of_USBStdSetCfgHandler              text35       002470
__end_of_USBSuspend                       text26       00300C
__end_of_USBTask                          text1        00297E
__end_of_USBTransferOnePacket             text14       001ABA
__end_of_USBWakeFromSuspend               text25       002F00
__end_of_USB_CD_Ptr                       smallconst   000809
__end_of_USB_SD_Ptr                       smallconst   000807
__end_of_USER_USB_CALLBACK_EVENT_HANDLER  text40       002A96
__end_of__initialization                  cinit        002FD0
__end_of_configDescriptor1                smallconst   00084C
__end_of_ctoa                             text5        002CFE
__end_of_device_dsc                       smallconst   0008AA
__end_of_fputc                            text9        00253C
__end_of_fputs                            text8        002E7C
__end_of_getsUSBUSART                     text12       0026BE
__end_of_main                             text0        002E34
__end_of_memcpy                           text30       002DA0
__end_of_memset                           text17       001150
__end_of_pad                              text6        002606
__end_of_putch                            text10       003052
__end_of_putrsUSBUSART                    text11       002B7A
__end_of_sd000                            smallconst   0008AE
__end_of_sd001                            smallconst   000880
__end_of_sd002                            smallconst   000898
__end_of_sprintf                          text2        002D50
__end_of_strlen                           text7        002F78
__end_of_vfpfcnvrt                        text4        00159C
__end_of_vfprintf                         text3        002C40
__end_ofi2_USBDeviceInit                  text24       001834
__end_ofi2_USBTransferOnePacket           text43       001D3A
__end_ofi2_memset                         text36       0012C6
__initialization                          cinit        002FAC
__mediumconst                             mediumconst  000000
__pbssBANK0                               bssBANK0     000060
__pbssBANK1                               bssBANK1     000100
__pbssCOMRAM                              bssCOMRAM    00002A
__pcinit                                  cinit        002FAC
__pcstackBANK0                            cstackBANK0  0000AA
__pcstackCOMRAM                           cstackCOMRAM 000001
__pintcode                                intcode      000008
__psmallconst                             smallconst   000800
__ptext0                                  text0        002DEC
__ptext1                                  text1        0028D6
__ptext10                                 text10       003050
__ptext11                                 text11       002B0A
__ptext12                                 text12       002606
__ptext13                                 text13       000E3E
__ptext14                                 text14       001978
__ptext15                                 text15       00302C
__ptext16                                 text16       00159C
__ptext17                                 text17       000FD8
__ptext18                                 text18       002E7C
__ptext19                                 text19       002F00
__ptext2                                  text2        002CFE
__ptext20                                 text20       00300C
__ptext21                                 text21       003042
__ptext23                                 text23       000C16
__ptext24                                 text24       0016E8
__ptext25                                 text25       002EBE
__ptext26                                 text26       002FDE
__ptext27                                 text27       002C40
__ptext28                                 text28       002F78
__ptext29                                 text29       0026BE
__ptext3                                  text3        002BDE
__ptext30                                 text30       002D50
__ptext31                                 text31       00297E
__ptext32                                 text32       001ABA
__ptext33                                 text33       002776
__ptext34                                 text34       001D3A
__ptext35                                 text35       002386
__ptext36                                 text36       001150
__ptext37                                 text37       001F70
__ptext38                                 text38       0012C6
__ptext39                                 text39       0008BA
__ptext4                                  text4        00143A
__ptext40                                 text40       002A0E
__ptext41                                 text41       00207E
__ptext42                                 text42       002B7A
__ptext43                                 text43       001BFC
__ptext44                                 text44       002DA0
__ptext45                                 text45       00282A
__ptext46                                 text46       002A96
__ptext47                                 text47       001834
__ptext48                                 text48       002294
__ptext49                                 text49       00218A
__ptext5                                  text5        002CA0
__ptext50                                 text50       001E60
__ptext6                                  text6        00253C
__ptext7                                  text7        002F3E
__ptext8                                  text8        002E34
__ptext9                                  text9        002470
__ramtop                                  ramtop       000800
__size_of_CDCInitEP                       (abs)        000000
__size_of_CDCTxService                    (abs)        000000
__size_of_INTERRUPT_Initialize            (abs)        000000
__size_of_INTERRUPT_InterruptManagerHigh  (abs)        000000
__size_of_OSCILLATOR_Initialize           (abs)        000000
__size_of_PIN_MANAGER_Initialize          (abs)        000000
__size_of_SYSTEM_Initialize               (abs)        000000
__size_of_USBCheckCDCRequest              (abs)        000000
__size_of_USBCheckStdRequest              (abs)        000000
__size_of_USBConfigureEndpoint            (abs)        000000
__size_of_USBCtrlEPAllowDataStage         (abs)        000000
__size_of_USBCtrlEPAllowStatusStage       (abs)        000000
__size_of_USBCtrlEPService                (abs)        000000
__size_of_USBCtrlEPServiceComplete        (abs)        000000
__size_of_USBCtrlTrfInHandler             (abs)        000000
__size_of_USBCtrlTrfOutHandler            (abs)        000000
__size_of_USBCtrlTrfRxService             (abs)        000000
__size_of_USBCtrlTrfSetupHandler          (abs)        000000
__size_of_USBCtrlTrfTxService             (abs)        000000
__size_of_USBDeviceAttach                 (abs)        000000
__size_of_USBDeviceInit                   (abs)        000000
__size_of_USBDeviceTasks                  (abs)        000000
__size_of_USBEnableEndpoint               (abs)        000000
__size_of_USBIncrement1msInternalTimers   (abs)        000000
__size_of_USBStallHandler                 (abs)        000000
__size_of_USBStdFeatureReqHandler         (abs)        000000
__size_of_USBStdGetDscHandler             (abs)        000000
__size_of_USBStdGetStatusHandler          (abs)        000000
__size_of_USBStdSetCfgHandler             (abs)        000000
__size_of_USBSuspend                      (abs)        000000
__size_of_USBTask                         (abs)        000000
__size_of_USBTransferOnePacket            (abs)        000000
__size_of_USBWakeFromSuspend              (abs)        000000
__size_of_USER_USB_CALLBACK_EVENT_HANDLER (abs)        000000
__size_of_ctoa                            (abs)        000000
__size_of_fputc                           (abs)        000000
__size_of_fputs                           (abs)        000000
__size_of_getsUSBUSART                    (abs)        000000
__size_of_main                            (abs)        000000
__size_of_memcpy                          (abs)        000000
__size_of_memset                          (abs)        000000
__size_of_pad                             (abs)        000000
__size_of_putch                           (abs)        000000
__size_of_putrsUSBUSART                   (abs)        000000
__size_of_sprintf                         (abs)        000000
__size_of_strlen                          (abs)        000000
__size_of_vfpfcnvrt                       (abs)        000000
__size_of_vfprintf                        (abs)        000000
__size_ofi2_USBDeviceInit                 (abs)        000000
__size_ofi2_USBTransferOnePacket          (abs)        000000
__size_ofi2_memset                        (abs)        000000
__smallconst                              smallconst   000800
_buffer                                   bssBANK1     000100
_cdc_data_rx                              (abs)        000540
_cdc_data_tx                              (abs)        000500
_cdc_mem_type                             bssBANK0     00009C
_cdc_notice                               bssBANK0     000060
_cdc_rx_len                               bssBANK0     00009E
_cdc_trf_state                            bssBANK0     00009F
_cdc_tx_len                               bssBANK0     00009D
_configDescriptor1                        smallconst   000809
_cont                                     bssCOMRAM    000032
_controlTransferState                     bssCOMRAM    000044
_control_signal_bitmap                    bssCOMRAM    00003A
_ctoa                                     text5        002CA0
_dbuf                                     bssBANK1     000180
_device_dsc                               smallconst   000898
_dummy_encapsulated_cmd_response          bssBANK0     0000A2
_endpoint_number                          bssCOMRAM    000042
_ep_data_in                               bssBANK0     00008D
_ep_data_out                              bssBANK0     00008A
_flags                                    bssBANK0     000096
_fputc                                    text9        002470
_fputs                                    text8        002E34
_getsUSBUSART                             text12       002606
_inPipes                                  bssBANK0     000072
_line_coding                              bssCOMRAM    000047
_main                                     text0        002DEC
_memcpy                                   text30       002D50
_memset                                   text17       000FD8
_nout                                     bssBANK0     000090
_outPipes                                 bssBANK0     00006A
_pBDTEntryEP0OutCurrent                   bssCOMRAM    000038
_pBDTEntryEP0OutNext                      bssCOMRAM    000036
_pBDTEntryIn                              bssBANK0     000078
_pBDTEntryOut                             bssBANK0     00007E
_pCDCDst                                  bssBANK0     000084
_pCDCSrc                                  bssBANK0     000087
_pDst                                     bssCOMRAM    000034
_pad                                      text6        00253C
_prec                                     bssBANK0     000094
_putch                                    text10       003050
_putrsUSBUSART                            text11       002B0A
_sd000                                    smallconst   0008AA
_sd001                                    smallconst   00084C
_sd002                                    smallconst   000880
_shortPacketStatus                        bssCOMRAM    000045
_sprintf                                  text2        002CFE
_strlen                                   text7        002F3E
_vfpfcnvrt                                text4        00143A
_vfprintf                                 text3        002BDE
_width                                    bssBANK0     000092
btemp                                     temp         000052
ctoa@c                                    cstackBANK0  0000C7
ctoa@fp                                   cstackBANK0  0000C5
ctoa@w                                    cstackBANK0  0000C8
end_of_initialization                     cinit        002FD0
fputc@c                                   cstackBANK0  0000AA
fputc@fp                                  cstackBANK0  0000AC
fputs@c                                   cstackBANK0  0000B7
fputs@fp                                  cstackBANK0  0000B5
fputs@i                                   cstackBANK0  0000B8
fputs@s                                   cstackBANK0  0000B3
getsUSBUSART@buffer                       cstackBANK0  0000B5
getsUSBUSART@len                          cstackBANK0  0000B7
i2USBDeviceInit@i                         cstackCOMRAM 00000D
i2USBTransferOnePacket@data               cstackCOMRAM 000002
i2USBTransferOnePacket@dir                cstackCOMRAM 000001
i2USBTransferOnePacket@ep                 cstackCOMRAM 000009
i2USBTransferOnePacket@handle             cstackCOMRAM 00000A
i2USBTransferOnePacket@len                cstackCOMRAM 000004
i2_USBDeviceInit                          text24       0016E8
i2_USBTransferOnePacket                   text43       001BFC
i2_memset                                 text36       001150
i2memset@c                                cstackCOMRAM 000003
i2memset@dest                             cstackCOMRAM 000001
i2memset@k                                cstackCOMRAM 000009
i2memset@n                                cstackCOMRAM 000005
i2memset@s                                cstackCOMRAM 00000B
int$flags                                 temp         000052
intlevel0                                 text         000000
intlevel1                                 text         000000
intlevel2                                 text         000000
intlevel3                                 text         000000
memcpy@d                                  cstackCOMRAM 000007
memcpy@d1                                 cstackCOMRAM 000001
memcpy@n                                  cstackCOMRAM 000005
memcpy@s                                  cstackCOMRAM 000009
memcpy@s1                                 cstackCOMRAM 000003
memcpy@tmp                                cstackCOMRAM 00000B
memset@c                                  cstackBANK0  0000AC
memset@dest                               cstackBANK0  0000AA
memset@k                                  cstackBANK0  0000B2
memset@n                                  cstackBANK0  0000AE
memset@s                                  cstackBANK0  0000B4
pad@buf                                   cstackBANK0  0000BC
pad@fp                                    cstackBANK0  0000BA
pad@i                                     cstackBANK0  0000C1
pad@p                                     cstackBANK0  0000BE
pad@w                                     cstackBANK0  0000C3
putrsUSBUSART@data                        cstackBANK0  0000AA
putrsUSBUSART@len                         cstackBANK0  0000AE
putrsUSBUSART@pData                       cstackBANK0  0000AC
sprintf@ap                                cstackBANK0  0000E5
sprintf@f                                 cstackBANK0  0000E7
sprintf@fmt                               cstackBANK0  0000DD
sprintf@s                                 cstackBANK0  0000DB
stackhi                                   (abs)        0007FF
stacklo                                   (abs)        000580
start                                     init         000080
start_initialization                      cinit        002FAC
strlen@a                                  cstackBANK0  0000AC
strlen@s                                  cstackBANK0  0000AA
ttemp5                                    temp         000053
ttemp6                                    temp         000056
ttemp7                                    temp         00005A
vfpfcnvrt@ap                              cstackBANK0  0000CE
vfpfcnvrt@c                               cstackBANK0  0000D2
vfpfcnvrt@fmt                             cstackBANK0  0000CC
vfpfcnvrt@fp                              cstackBANK0  0000CA
vfprintf@ap                               cstackBANK0  0000D7
vfprintf@cfmt                             cstackBANK0  0000D9
vfprintf@fmt                              cstackBANK0  0000D5
vfprintf@fp                               cstackBANK0  0000D3
wtemp8                                    temp         000053


FUNCTION INFORMATION:

 *************** function _main *****************
 Defined at:
		line 55 in file "main.c"
 Parameters:    Size  Location     Type
		None
 Auto vars:     Size  Location     Type
		None
 Return value:  Size  Location     Type
                  1    wreg      void 
 Registers used:
		wreg, fsr1l, fsr1h, fsr2l, fsr2h, status,2, status,0, tblptrl, tblptrh, tblptru, prodl, prodh, cstack
 Tracked objects:
		On entry : 
		On exit  : 
		Unchanged: 
 Data sizes:     COMRAM   BANK0   BANK1   BANK2   BANK3   BANK4   BANK5   BANK6   BANK7
      Params:         0       0       0       0       0       0       0       0       0
      Locals:         0       0       0       0       0       0       0       0       0
      Temps:          0       0       0       0       0       0       0       0       0
      Totals:         0       0       0       0       0       0       0       0       0
Total ram usage:        0 bytes
 Hardware stack levels required when called:   19
 This function calls:
		_SYSTEM_Initialize
		_USBTask
 This function is called by:
		Startup code after reset
 This function uses a non-reentrant model


 *************** function _USBTask *****************
 Defined at:
		line 109 in file "main.c"
 Parameters:    Size  Location     Type
		None
 Auto vars:     Size  Location     Type
  READ            1   69[BANK0 ] unsigned char 
 Return value:  Size  Location     Type
                  1    wreg      void 
 Registers used:
		wreg, fsr1l, fsr1h, fsr2l, fsr2h, status,2, status,0, tblptrl, tblptrh, tblptru, prodl, prodh, cstack
 Tracked objects:
		On entry : 
		On exit  : 
		Unchanged: 
 Data sizes:     COMRAM   BANK0   BANK1   BANK2   BANK3   BANK4   BANK5   BANK6   BANK7
      Params:         0       0       0       0       0       0       0       0       0
      Locals:         0       1       0       0       0       0       0       0       0
      Temps:          0       2       0       0       0       0       0       0       0
      Totals:         0       3       0       0       0       0       0       0       0
Total ram usage:        3 bytes
 Hardware stack levels used:    1
 Hardware stack levels required when called:   18
 This function calls:
		_CDCTxService
		_getsUSBUSART
		_putrsUSBUSART
		_sprintf
 This function is called by:
		_main
 This function uses a non-reentrant model


 *************** function _sprintf *****************
 Defined at:
		line 9 in file "C:\Program Files (x86)\Microchip\xc8\v2.10\pic\sources\c99\common\nf_sprintf.c"
 Parameters:    Size  Location     Type
  s               2   49[BANK0 ] PTR unsigned char 
		 -> buffer(64), 
  fmt             2   51[BANK0 ] PTR const unsigned char 
		 -> STR_1(10), 
 Auto vars:     Size  Location     Type
  f               6   61[BANK0 ] struct _IO_FILE
  ap              2   59[BANK0 ] PTR void [1]
		 -> ?_sprintf(2), 
  ret             2    0        int 
 Return value:  Size  Location     Type
                  2   49[BANK0 ] int 
 Registers used:
		wreg, fsr1l, fsr1h, fsr2l, fsr2h, status,2, status,0, tblptrl, tblptrh, tblptru, cstack
 Tracked objects:
		On entry : 
		On exit  : 
		Unchanged: 
 Data sizes:     COMRAM   BANK0   BANK1   BANK2   BANK3   BANK4   BANK5   BANK6   BANK7
      Params:         0       8       0       0       0       0       0       0       0
      Locals:         0      10       0       0       0       0       0       0       0
      Temps:          0       0       0       0       0       0       0       0       0
      Totals:         0      18       0       0       0       0       0       0       0
Total ram usage:       18 bytes
 Hardware stack levels used:    1
 Hardware stack levels required when called:   17
 This function calls:
		_vfprintf
 This function is called by:
		_USBTask
 This function uses a non-reentrant model


 *************** function _vfprintf *****************
 Defined at:
		line 1368 in file "C:\Program Files (x86)\Microchip\xc8\v2.10\pic\sources\c99\common\doprnt.c"
 Parameters:    Size  Location     Type
  fp              2   41[BANK0 ] PTR struct _IO_FILE
		 -> sprintf@f(6), 
  fmt             2   43[BANK0 ] PTR const unsigned char 
		 -> STR_1(10), 
  ap              2   45[BANK0 ] PTR PTR void 
		 -> sprintf@ap(2), 
 Auto vars:     Size  Location     Type
  cfmt            2   47[BANK0 ] PTR unsigned char 
		 -> STR_1(10), 
 Return value:  Size  Location     Type
                  2   41[BANK0 ] int 
 Registers used:
		wreg, fsr1l, fsr1h, fsr2l, fsr2h, status,2, status,0, tblptrl, tblptrh, tblptru, cstack
 Tracked objects:
		On entry : 
		On exit  : 
		Unchanged: 
 Data sizes:     COMRAM   BANK0   BANK1   BANK2   BANK3   BANK4   BANK5   BANK6   BANK7
      Params:         0       6       0       0       0       0       0       0       0
      Locals:         0       2       0       0       0       0       0       0       0
      Temps:          0       0       0       0       0       0       0       0       0
      Totals:         0       8       0       0       0       0       0       0       0
Total ram usage:        8 bytes
 Hardware stack levels used:    1
 Hardware stack levels required when called:   16
 This function calls:
		_vfpfcnvrt
 This function is called by:
		_sprintf
 This function uses a non-reentrant model


 *************** function _vfpfcnvrt *****************
 Defined at:
		line 670 in file "C:\Program Files (x86)\Microchip\xc8\v2.10\pic\sources\c99\common\doprnt.c"
 Parameters:    Size  Location     Type
  fp              2   32[BANK0 ] PTR struct _IO_FILE
		 -> sprintf@f(6), 
  fmt             2   34[BANK0 ] PTR PTR unsigned char 
		 -> vfprintf@cfmt(2), 
  ap              2   36[BANK0 ] PTR PTR void 
		 -> sprintf@ap(2), 
 Auto vars:     Size  Location     Type
  llu             8    0        unsigned long long 
  ll              8    0        long long 
  f               4    0        long long 
  vp              3    0        PTR void 
  ct              3    0        unsigned char [3]
  cp              3    0        PTR unsigned char 
  i               2    0        int 
  done            2    0        int 
  c               1   40[BANK0 ] unsigned char 
 Return value:  Size  Location     Type
                  2   32[BANK0 ] int 
 Registers used:
		wreg, fsr1l, fsr1h, fsr2l, fsr2h, status,2, status,0, tblptrl, tblptrh, tblptru, cstack
 Tracked objects:
		On entry : 
		On exit  : 
		Unchanged: 
 Data sizes:     COMRAM   BANK0   BANK1   BANK2   BANK3   BANK4   BANK5   BANK6   BANK7
      Params:         0       6       0       0       0       0       0       0       0
      Locals:         0       1       0       0       0       0       0       0       0
      Temps:          0       2       0       0       0       0       0       0       0
      Totals:         0       9       0       0       0       0       0       0       0
Total ram usage:        9 bytes
 Hardware stack levels used:    1
 Hardware stack levels required when called:   15
 This function calls:
		_ctoa
		_fputc
 This function is called by:
		_vfprintf
 This function uses a non-reentrant model


 *************** function _ctoa *****************
 Defined at:
		line 259 in file "C:\Program Files (x86)\Microchip\xc8\v2.10\pic\sources\c99\common\doprnt.c"
 Parameters:    Size  Location     Type
  fp              2   27[BANK0 ] PTR struct _IO_FILE
		 -> sprintf@f(6), 
  c               1   29[BANK0 ] unsigned char 
 Auto vars:     Size  Location     Type
  w               2   30[BANK0 ] int 
  l               2    0        int 
 Return value:  Size  Location     Type
                  2   27[BANK0 ] int 
 Registers used:
		wreg, fsr1l, fsr1h, fsr2l, fsr2h, status,2, status,0, cstack
 Tracked objects:
		On entry : 
		On exit  : 
		Unchanged: 
 Data sizes:     COMRAM   BANK0   BANK1   BANK2   BANK3   BANK4   BANK5   BANK6   BANK7
      Params:         0       3       0       0       0       0       0       0       0
      Locals:         0       2       0       0       0       0       0       0       0
      Temps:          0       0       0       0       0       0       0       0       0
      Totals:         0       5       0       0       0       0       0       0       0
Total ram usage:        5 bytes
 Hardware stack levels used:    1
 Hardware stack levels required when called:   14
 This function calls:
		_pad
 This function is called by:
		_vfpfcnvrt
 This function uses a non-reentrant model


 *************** function _pad *****************
 Defined at:
		line 72 in file "C:\Program Files (x86)\Microchip\xc8\v2.10\pic\sources\c99\common\doprnt.c"
 Parameters:    Size  Location     Type
  fp              2   16[BANK0 ] PTR struct _IO_FILE
		 -> sprintf@f(6), 
  buf             2   18[BANK0 ] PTR unsigned char 
		 -> dbuf(32), 
  p               2   20[BANK0 ] int 
 Auto vars:     Size  Location     Type
  w               2   25[BANK0 ] int 
  i               2   23[BANK0 ] int 
 Return value:  Size  Location     Type
                  2   16[BANK0 ] int 
 Registers used:
		wreg, fsr1l, fsr1h, fsr2l, fsr2h, status,2, status,0, cstack
 Tracked objects:
		On entry : 
		On exit  : 
		Unchanged: 
 Data sizes:     COMRAM   BANK0   BANK1   BANK2   BANK3   BANK4   BANK5   BANK6   BANK7
      Params:         0       6       0       0       0       0       0       0       0
      Locals:         0       4       0       0       0       0       0       0       0
      Temps:          0       1       0       0       0       0       0       0       0
      Totals:         0      11       0       0       0       0       0       0       0
Total ram usage:       11 bytes
 Hardware stack levels used:    1
 Hardware stack levels required when called:   13
 This function calls:
		_fputc
		_fputs
		_strlen
 This function is called by:
		_ctoa
 This function uses a non-reentrant model


 *************** function _strlen *****************
 Defined at:
		line 5 in file "C:\Program Files (x86)\Microchip\xc8\v2.10\pic\sources\c99\common\strlen.c"
 Parameters:    Size  Location     Type
  s               2    0[BANK0 ] PTR const unsigned char 
		 -> dbuf(32), 
 Auto vars:     Size  Location     Type
  a               2    2[BANK0 ] PTR const unsigned char 
		 -> dbuf(32), 
 Return value:  Size  Location     Type
                  2    0[BANK0 ] unsigned int 
 Registers used:
		wreg, fsr2l, fsr2h, status,2, status,0
 Tracked objects:
		On entry : 
		On exit  : 
		Unchanged: 
 Data sizes:     COMRAM   BANK0   BANK1   BANK2   BANK3   BANK4   BANK5   BANK6   BANK7
      Params:         0       2       0       0       0       0       0       0       0
      Locals:         0       2       0       0       0       0       0       0       0
      Temps:          0       0       0       0       0       0       0       0       0
      Totals:         0       4       0       0       0       0       0       0       0
Total ram usage:        4 bytes
 Hardware stack levels used:    1
 Hardware stack levels required when called:   10
 This function calls:
		Nothing
 This function is called by:
		_pad
 This function uses a non-reentrant model


 *************** function _fputs *****************
 Defined at:
		line 8 in file "C:\Program Files (x86)\Microchip\xc8\v2.10\pic\sources\c99\common\nf_fputs.c"
 Parameters:    Size  Location     Type
  s               2    9[BANK0 ] PTR const unsigned char 
		 -> dbuf(32), 
  fp              2   11[BANK0 ] PTR struct _IO_FILE
		 -> sprintf@f(6), 
 Auto vars:     Size  Location     Type
  i               2   14[BANK0 ] int 
  c               1   13[BANK0 ] unsigned char 
 Return value:  Size  Location     Type
                  2    9[BANK0 ] int 
 Registers used:
		wreg, fsr1l, fsr1h, fsr2l, fsr2h, status,2, status,0, cstack
 Tracked objects:
		On entry : 
		On exit  : 
		Unchanged: 
 Data sizes:     COMRAM   BANK0   BANK1   BANK2   BANK3   BANK4   BANK5   BANK6   BANK7
      Params:         0       4       0       0       0       0       0       0       0
      Locals:         0       3       0       0       0       0       0       0       0
      Temps:          0       0       0       0       0       0       0       0       0
      Totals:         0       7       0       0       0       0       0       0       0
Total ram usage:        7 bytes
 Hardware stack levels used:    1
 Hardware stack levels required when called:   12
 This function calls:
		_fputc
 This function is called by:
		_pad
 This function uses a non-reentrant model


 *************** function _fputc *****************
 Defined at:
		line 8 in file "C:\Program Files (x86)\Microchip\xc8\v2.10\pic\sources\c99\common\nf_fputc.c"
 Parameters:    Size  Location     Type
  c               2    0[BANK0 ] int 
  fp              2    2[BANK0 ] PTR struct _IO_FILE
		 -> sprintf@f(6), 
 Auto vars:     Size  Location     Type
		None
 Return value:  Size  Location     Type
                  2    0[BANK0 ] int 
 Registers used:
		wreg, fsr1l, fsr1h, fsr2l, fsr2h, status,2, status,0, cstack
 Tracked objects:
		On entry : 
		On exit  : 
		Unchanged: 
 Data sizes:     COMRAM   BANK0   BANK1   BANK2   BANK3   BANK4   BANK5   BANK6   BANK7
      Params:         0       4       0       0       0       0       0       0       0
      Locals:         0       0       0       0       0       0       0       0       0
      Temps:          0       5       0       0       0       0       0       0       0
      Totals:         0       9       0       0       0       0       0       0       0
Total ram usage:        9 bytes
 Hardware stack levels used:    1
 Hardware stack levels required when called:   11
 This function calls:
		_putch
 This function is called by:
		_pad
		_vfpfcnvrt
		_fputs
 This function uses a non-reentrant model


 *************** function _putch *****************
 Defined at:
		line 7 in file "C:\Program Files (x86)\Microchip\xc8\v2.10\pic\sources\c99\common\putch.c"
 Parameters:    Size  Location     Type
  c               1    wreg     unsigned char 
 Auto vars:     Size  Location     Type
  c               1    0[COMRAM] unsigned char 
 Return value:  Size  Location     Type
                  1    wreg      void 
 Registers used:
		wreg
 Tracked objects:
		On entry : 
		On exit  : 
		Unchanged: 
 Data sizes:     COMRAM   BANK0   BANK1   BANK2   BANK3   BANK4   BANK5   BANK6   BANK7
      Params:         0       0       0       0       0       0       0       0       0
      Locals:         0       0       0       0       0       0       0       0       0
      Temps:          0       0       0       0       0       0       0       0       0
      Totals:         0       0       0       0       0       0       0       0       0
Total ram usage:        0 bytes
 Hardware stack levels used:    1
 Hardware stack levels required when called:   10
 This function calls:
		Nothing
 This function is called by:
		_fputc
 This function uses a non-reentrant model


 *************** function _putrsUSBUSART *****************
 Defined at:
		line 744 in file "mcc_generated_files/usb/usb_device_cdc.c"
 Parameters:    Size  Location     Type
  data            2    0[BANK0 ] PTR const unsigned char 
		 -> buffer(64), 
 Auto vars:     Size  Location     Type
  pData           2    2[BANK0 ] PTR const unsigned char 
		 -> buffer(64), 
  len             1    4[BANK0 ] unsigned char 
 Return value:  Size  Location     Type
                  1    wreg      void 
 Registers used:
		wreg, fsr2l, fsr2h, status,2, status,0
 Tracked objects:
		On entry : 
		On exit  : 
		Unchanged: 
 Data sizes:     COMRAM   BANK0   BANK1   BANK2   BANK3   BANK4   BANK5   BANK6   BANK7
      Params:         0       2       0       0       0       0       0       0       0
      Locals:         0       3       0       0       0       0       0       0       0
      Temps:          0       0       0       0       0       0       0       0       0
      Totals:         0       5       0       0       0       0       0       0       0
Total ram usage:        5 bytes
 Hardware stack levels used:    1
 Hardware stack levels required when called:   10
 This function calls:
		Nothing
 This function is called by:
		_USBTask
 This function uses a non-reentrant model


 *************** function _getsUSBUSART *****************
 Defined at:
		line 503 in file "mcc_generated_files/usb/usb_device_cdc.c"
 Parameters:    Size  Location     Type
  buffer          2   11[BANK0 ] PTR unsigned char 
		 -> USB_Out_Buffer(64), 
  len             1   13[BANK0 ] unsigned char 
 Auto vars:     Size  Location     Type
		None
 Return value:  Size  Location     Type
                  1    wreg      unsigned char 
 Registers used:
		wreg, fsr1l, fsr1h, fsr2l, fsr2h, status,2, status,0, prodl, prodh, cstack
 Tracked objects:
		On entry : 
		On exit  : 
		Unchanged: 
 Data sizes:     COMRAM   BANK0   BANK1   BANK2   BANK3   BANK4   BANK5   BANK6   BANK7
      Params:         0       3       0       0       0       0       0       0       0
      Locals:         0       0       0       0       0       0       0       0       0
      Temps:          0       1       0       0       0       0       0       0       0
      Totals:         0       4       0       0       0       0       0       0       0
Total ram usage:        4 bytes
 Hardware stack levels used:    1
 Hardware stack levels required when called:   11
 This function calls:
		_USBTransferOnePacket
 This function is called by:
		_USBTask
 This function uses a non-reentrant model


 *************** function _CDCTxService *****************
 Defined at:
		line 854 in file "mcc_generated_files/usb/usb_device_cdc.c"
 Parameters:    Size  Location     Type
		None
 Auto vars:     Size  Location     Type
  byte_to_send    1   12[BANK0 ] unsigned char 
  i               1   11[BANK0 ] unsigned char 
 Return value:  Size  Location     Type
                  1    wreg      void 
 Registers used:
		wreg, fsr1l, fsr1h, fsr2l, fsr2h, status,2, status,0, prodl, prodh, cstack
 Tracked objects:
		On entry : 
		On exit  : 
		Unchanged: 
 Data sizes:     COMRAM   BANK0   BANK1   BANK2   BANK3   BANK4   BANK5   BANK6   BANK7
      Params:         0       0       0       0       0       0       0       0       0
      Locals:         0       2       0       0       0       0       0       0       0
      Temps:          0       0       0       0       0       0       0       0       0
      Totals:         0       2       0       0       0       0       0       0       0
Total ram usage:        2 bytes
 Hardware stack levels used:    1
 Hardware stack levels required when called:   11
 This function calls:
		_USBTransferOnePacket
 This function is called by:
		_USBTask
 This function uses a non-reentrant model


 *************** function _USBTransferOnePacket *****************
 Defined at:
		line 999 in file "mcc_generated_files/usb/usb_device.c"
 Parameters:    Size  Location     Type
  ep              1    wreg     unsigned char 
  dir             1    0[BANK0 ] unsigned char 
  data            2    1[BANK0 ] PTR unsigned char 
[...]
  p               2   25[COMRAM] PTR struct __BDT
		 -> RAM(2047), NULL(0), BDT(48), 
  pUEP            2   22[COMRAM] PTR unsigned char 
		 -> UEP0(1), 
  current_ep_d    1   24[COMRAM] struct .
 Return value:  Size  Location     Type
                  1    wreg      void 
 Registers used:
		wreg, fsr2l, fsr2h, status,2, status,0, prodl, prodh, cstack
 Tracked objects:
		On entry : 
		On exit  : 
		Unchanged: 
 Data sizes:     COMRAM   BANK0   BANK1   BANK2   BANK3   BANK4   BANK5   BANK6   BANK7
      Params:         0       0       0       0       0       0       0       0       0
      Locals:         5       0       0       0       0       0       0       0       0
      Temps:          2       0       0       0       0       0       0       0       0
      Totals:         7       0       0       0       0       0       0       0       0
Total ram usage:        7 bytes
 Hardware stack levels used:    1
 Hardware stack levels required when called:    4
 This function calls:
		_USER_USB_CALLBACK_EVENT_HANDLER
 This function is called by:
		_USBCheckStdRequest
 This function uses a non-reentrant model


 *************** function _USER_USB_CALLBACK_EVENT_HANDLER *****************
 Defined at:
		line 49 in file "mcc_generated_files/usb/usb_device_events.c"
 Parameters:    Size  Location     Type
  event           2   12[COMRAM] enum E44
  pdata           2   14[COMRAM] PTR void 
		 -> RAM(2047), USTATcopy(1), USBActiveConfiguration(1), NULL(0), 
		 -> BDT(48), 
  size            2   16[COMRAM] unsigned short 
 Auto vars:     Size  Location     Type
		None
 Return value:  Size  Location     Type
                  1    wreg      _Bool 
 Registers used:
		wreg, fsr2l, fsr2h, status,2, status,0, prodl, prodh, cstack
 Tracked objects:
		On entry : 
		On exit  : 
		Unchanged: 
 Data sizes:     COMRAM   BANK0   BANK1   BANK2   BANK3   BANK4   BANK5   BANK6   BANK7
      Params:         6       0       0       0       0       0       0       0       0
      Locals:         0       0       0       0       0       0       0       0       0
      Temps:          2       0       0       0       0       0       0       0       0
      Totals:         8       0       0       0       0       0       0       0       0
Total ram usage:        8 bytes
 Hardware stack levels used:    1
 Hardware stack levels required when called:    3
 This function calls:
		_CDCInitEP
		_USBCheckCDCRequest
 This function is called by:
		_USBDeviceTasks
		_USBStdSetCfgHandler
		_USBSuspend
		_USBWakeFromSuspend
		_USBCtrlTrfSetupHandler
		_USBCheckStdRequest
		_USBStdFeatureReqHandler
 This function uses a non-reentrant model


 *************** function _USBCheckCDCRequest *****************
 Defined at:
		line 147 in file "mcc_generated_files/usb/usb_device_cdc.c"
 Parameters:    Size  Location     Type
		None
 Auto vars:     Size  Location     Type
		None
 Return value:  Size  Location     Type
                  1    wreg      void 
 Registers used:
		wreg, status,2, status,0
 Tracked objects:
		On entry : 
		On exit  : 
		Unchanged: 
 Data sizes:     COMRAM   BANK0   BANK1   BANK2   BANK3   BANK4   BANK5   BANK6   BANK7
      Params:         0       0       0       0       0       0       0       0       0
      Locals:         0       0       0       0       0       0       0       0       0
      Temps:          2       0       0       0       0       0       0       0       0
      Totals:         2       0       0       0       0       0       0       0       0
Total ram usage:        2 bytes
 Hardware stack levels used:    1
 This function calls:
		Nothing
 This function is called by:
		_USER_USB_CALLBACK_EVENT_HANDLER
 This function uses a non-reentrant model


 *************** function _CDCInitEP *****************
 Defined at:
		line 294 in file "mcc_generated_files/usb/usb_device_cdc.c"
 Parameters:    Size  Location     Type
		None
 Auto vars:     Size  Location     Type
		None
 Return value:  Size  Location     Type
                  1    wreg      void 
 Registers used:
		wreg, fsr2l, fsr2h, status,2, status,0, prodl, prodh, cstack
 Tracked objects:
		On entry : 
		On exit  : 
		Unchanged: 
 Data sizes:     COMRAM   BANK0   BANK1   BANK2   BANK3   BANK4   BANK5   BANK6   BANK7
      Params:         0       0       0       0       0       0       0       0       0
      Locals:         0       0       0       0       0       0       0       0       0
      Temps:          0       0       0       0       0       0       0       0       0
      Totals:         0       0       0       0       0       0       0       0       0
Total ram usage:        0 bytes
 Hardware stack levels used:    1
 Hardware stack levels required when called:    2
 This function calls:
		_USBEnableEndpoint
		i2_USBTransferOnePacket
 This function is called by:
		_USER_USB_CALLBACK_EVENT_HANDLER
 This function uses a non-reentrant model


 *************** function i2_USBTransferOnePacket *****************
 Defined at:
		line 999 in file "mcc_generated_files/usb/usb_device.c"
 Parameters:    Size  Location     Type
  ep              1    wreg     unsigned char 
  dir             1    0[COMRAM] unsigned char 
  data            2    1[COMRAM] PTR unsigned char 
		 -> cdc_data_tx(64), cdc_data_rx(64), NULL(0), 
  len             1    3[COMRAM] unsigned char 
 Auto vars:     Size  Location     Type
  ep              1    8[COMRAM] unsigned char 
  USBTransferO    2    9[COMRAM] PTR volatile struct __BD
		 -> RAM(2047), NULL(0), BDT(48), 
 Return value:  Size  Location     Type
                  2    0[COMRAM] PTR void 
 Registers used:
		wreg, fsr2l, fsr2h, status,2, status,0, prodl, prodh
 Tracked objects:
		On entry : 
		On exit  : 
		Unchanged: 
 Data sizes:     COMRAM   BANK0   BANK1   BANK2   BANK3   BANK4   BANK5   BANK6   BANK7
      Params:         4       0       0       0       0       0       0       0       0
      Locals:         3       0       0       0       0       0       0       0       0
      Temps:          4       0       0       0       0       0       0       0       0
      Totals:        11       0       0       0       0       0       0       0       0
Total ram usage:       11 bytes
 Hardware stack levels used:    1
 This function calls:
		Nothing
 This function is called by:
		_CDCInitEP
 This function uses a non-reentrant model


 *************** function _USBEnableEndpoint *****************
 Defined at:
		line 882 in file "mcc_generated_files/usb/usb_device.c"
 Parameters:    Size  Location     Type
  ep              1    wreg     unsigned char 
  options         1    8[COMRAM] unsigned char 
 Auto vars:     Size  Location     Type
  ep              1   11[COMRAM] unsigned char 
  p               2    9[COMRAM] PTR unsigned char 
		 -> UEP0(1), 
 Return value:  Size  Location     Type
                  1    wreg      void 
 Registers used:
		wreg, fsr2l, fsr2h, status,2, status,0, prodl, prodh, cstack
 Tracked objects:
		On entry : 
		On exit  : 
		Unchanged: 
 Data sizes:     COMRAM   BANK0   BANK1   BANK2   BANK3   BANK4   BANK5   BANK6   BANK7
      Params:         1       0       0       0       0       0       0       0       0
      Locals:         3       0       0       0       0       0       0       0       0
      Temps:          0       0       0       0       0       0       0       0       0
      Totals:         4       0       0       0       0       0       0       0       0
Total ram usage:        4 bytes
 Hardware stack levels used:    1
 Hardware stack levels required when called:    1
 This function calls:
		_USBConfigureEndpoint
 This function is called by:
		_CDCInitEP
 This function uses a non-reentrant model


 *************** function _USBConfigureEndpoint *****************
 Defined at:
		line 1547 in file "mcc_generated_files/usb/usb_device.c"
 Parameters:    Size  Location     Type
  EPNum           1    wreg     unsigned char 
  direction       1    0[COMRAM] unsigned char 
 Auto vars:     Size  Location     Type
  EPNum           1    5[COMRAM] unsigned char 
  handle          2    6[COMRAM] PTR volatile struct __BD
		 -> BDT(48), 
 Return value:  Size  Location     Type
                  1    wreg      void 
 Registers used:
		wreg, fsr2l, fsr2h, status,2, status,0, prodl, prodh
 Tracked objects:
		On entry : 
		On exit  : 
		Unchanged: 
 Data sizes:     COMRAM   BANK0   BANK1   BANK2   BANK3   BANK4   BANK5   BANK6   BANK7
      Params:         1       0       0       0       0       0       0       0       0
      Locals:         3       0       0       0       0       0       0       0       0
      Temps:          4       0       0       0       0       0       0       0       0
      Totals:         8       0       0       0       0       0       0       0       0
Total ram usage:        8 bytes
 Hardware stack levels used:    1
 This function calls:
		Nothing
 This function is called by:
		_USBEnableEndpoint
 This function uses a non-reentrant model


 *************** function _USBCtrlTrfOutHandler *****************
 Defined at:
		line 2542 in file "mcc_generated_files/usb/usb_device.c"
 Parameters:    Size  Location     Type
		None
 Auto vars:     Size  Location     Type
		None
 Return value:  Size  Location     Type
                  1    wreg      void 
 Registers used:
		wreg, fsr1l, fsr1h, fsr2l, fsr2h, status,2, status,0, cstack
 Tracked objects:
		On entry : 
		On exit  : 
		Unchanged: 
 Data sizes:     COMRAM   BANK0   BANK1   BANK2   BANK3   BANK4   BANK5   BANK6   BANK7
      Params:         0       0       0       0       0       0       0       0       0
      Locals:         0       0       0       0       0       0       0       0       0
      Temps:          0       0       0       0       0       0       0       0       0
      Totals:         0       0       0       0       0       0       0       0       0
Total ram usage:        0 bytes
 Hardware stack levels used:    1
 Hardware stack levels required when called:    2
 This function calls:
		_USBCtrlTrfRxService
 This function is called by:
		_USBCtrlEPService
 This function uses a non-reentrant model


 *************** function _USBCtrlTrfRxService *****************
 Defined at:
		line 1856 in file "mcc_generated_files/usb/usb_device.c"
 Parameters:    Size  Location     Type
		None
 Auto vars:     Size  Location     Type
  byteToRead      1    1[COMRAM] unsigned char 
  i               1    0[COMRAM] unsigned char 
 Return value:  Size  Location     Type
                  1    wreg      void 
 Registers used:
		wreg, fsr1l, fsr1h, fsr2l, fsr2h, status,2, status,0, cstack
 Tracked objects:
		On entry : 
		On exit  : 
		Unchanged: 
 Data sizes:     COMRAM   BANK0   BANK1   BANK2   BANK3   BANK4   BANK5   BANK6   BANK7
      Params:         0       0       0       0       0       0       0       0       0
      Locals:         2       0       0       0       0       0       0       0       0
      Temps:          0       0       0       0       0       0       0       0       0
      Totals:         2       0       0       0       0       0       0       0       0
Total ram usage:        2 bytes
 Hardware stack levels used:    1
 Hardware stack levels required when called:    1
 This function calls:
		_USBCtrlEPAllowStatusStage
 This function is called by:
		_USBCtrlTrfOutHandler
 This function uses a non-reentrant model


 *************** function _USBCtrlEPAllowStatusStage *****************
 Defined at:
		line 1420 in file "mcc_generated_files/usb/usb_device.c"
 Parameters:    Size  Location     Type
		None
 Auto vars:     Size  Location     Type
		None
 Return value:  Size  Location     Type
                  1    wreg      void 
 Registers used:
		wreg, fsr2l, fsr2h, status,2, status,0
 Tracked objects:
		On entry : 
		On exit  : 
		Unchanged: 
 Data sizes:     COMRAM   BANK0   BANK1   BANK2   BANK3   BANK4   BANK5   BANK6   BANK7
      Params:         0       0       0       0       0       0       0       0       0
      Locals:         0       0       0       0       0       0       0       0       0
      Temps:          0       0       0       0       0       0       0       0       0
      Totals:         0       0       0       0       0       0       0       0       0
Total ram usage:        0 bytes
 Hardware stack levels used:    1
 This function calls:
		Nothing
 This function is called by:
		_USBDeviceTasks
		_USBCtrlEPServiceComplete
		_USBCtrlTrfRxService
 This function uses a non-reentrant model


 *************** function _USBCtrlTrfInHandler *****************
 Defined at:
		line 2596 in file "mcc_generated_files/usb/usb_device.c"
 Parameters:    Size  Location     Type
		None
 Auto vars:     Size  Location     Type
  lastDTS         1    1[COMRAM] unsigned char 
 Return value:  Size  Location     Type
                  1    wreg      void 
 Registers used:
		wreg, fsr1l, fsr1h, fsr2l, fsr2h, status,2, status,0, tblptrl, tblptrh, tblptru, cstack
 Tracked objects:
		On entry : 
		On exit  : 
		Unchanged: 
 Data sizes:     COMRAM   BANK0   BANK1   BANK2   BANK3   BANK4   BANK5   BANK6   BANK7
      Params:         0       0       0       0       0       0       0       0       0
      Locals:         1       0       0       0       0       0       0       0       0
      Temps:          0       0       0       0       0       0       0       0       0
      Totals:         1       0       0       0       0       0       0       0       0
Total ram usage:        1 bytes
 Hardware stack levels used:    1
 Hardware stack levels required when called:    1
 This function calls:
		_USBCtrlTrfTxService
 This function is called by:
		_USBCtrlEPService
 This function uses a non-reentrant model


 *************** function _USBCtrlTrfTxService *****************
 Defined at:
		line 1775 in file "mcc_generated_files/usb/usb_device.c"
 Parameters:    Size  Location     Type
		None
 Auto vars:     Size  Location     Type
  byteToSend      1    0[COMRAM] unsigned char 
 Return value:  Size  Location     Type
                  1    wreg      void 
 Registers used:
		wreg, fsr1l, fsr1h, fsr2l, fsr2h, status,2, status,0, tblptrl, tblptrh, tblptru
 Tracked objects:
		On entry : 
		On exit  : 
		Unchanged: 
 Data sizes:     COMRAM   BANK0   BANK1   BANK2   BANK3   BANK4   BANK5   BANK6   BANK7
      Params:         0       0       0       0       0       0       0       0       0
      Locals:         1       0       0       0       0       0       0       0       0
      Temps:          0       0       0       0       0       0       0       0       0
      Totals:         1       0       0       0       0       0       0       0       0
Total ram usage:        1 bytes
 Hardware stack levels used:    1
 This function calls:
		Nothing
 This function is called by:
		_USBCtrlEPAllowDataStage
		_USBCtrlTrfInHandler
 This function uses a non-reentrant model



MODULE INFORMATION

Module		Function		Class		Link	Load	Size
mcc_generated_files/interrupt_manager.c
		_INTERRUPT_Initialize		CODE           	3042	0000	15
		_INTERRUPT_InterruptManagerHigh		CODE           	0008	0000	121

mcc_generated_files/interrupt_manager.c estimated size: 136

C:\Program Files (x86)\Microchip\xc8\v2.10\pic\sources\c99\common\strlen.c
		_strlen        		CODE           	2F3E	0000	59

C:\Program Files (x86)\Microchip\xc8\v2.10\pic\sources\c99\common\strlen.c estimated size: 59

C:\Program Files (x86)\Microchip\xc8\v2.10\pic\sources\c99\common\memset.c
		_memset        		CODE           	0FD8	0000	377

C:\Program Files (x86)\Microchip\xc8\v2.10\pic\sources\c99\common\memset.c estimated size: 377

mcc_generated_files/pin_manager.c
		_PIN_MANAGER_Initialize		CODE           	2F00	0000	63

mcc_generated_files/pin_manager.c estimated size: 63

C:\Program Files (x86)\Microchip\xc8\v2.10\pic\sources\c99\common\doprnt.c
		_vfpfcnvrt     		CODE           	143A	0000	355
		_pad           		CODE           	253C	0000	203
		_ctoa          		CODE           	2CA0	0000	95
		_vfprintf      		CODE           	2BDE	0000	99

C:\Program Files (x86)\Microchip\xc8\v2.10\pic\sources\c99\common\doprnt.c estimated size: 752

mcc_generated_files/usb/usb_device_cdc.c
		_CDCTxService  		CODE           	0E3E	0000	411
		_CDCInitEP     		CODE           	2B7A	0000	101
		_putrsUSBUSART 		CODE           	2B0A	0000	113
		_getsUSBUSART  		CODE           	2606	0000	185
		_USBCheckCDCRequest		CODE           	207E	0000	269

mcc_generated_files/usb/usb_device_cdc.c estimated size: 1079

C:\Program Files (x86)\Microchip\xc8\v2.10\pic\sources\c99\common\nf_fputs.c
		_fputs         		CODE           	2E34	0000	73

C:\Program Files (x86)\Microchip\xc8\v2.10\pic\sources\c99\common\nf_fputs.c estimated size: 73

shared
		_configDescriptor1		SMALLCONST     	0809	0000	68
		_USB_CD_Ptr    		SMALLCONST     	0807	0000	3
		_sd001         		SMALLCONST     	084C	0000	53
		_sd002         		SMALLCONST     	0880	0000	25
		i2_USBDeviceInit		CODE           	16E8	0000	333
		__initialization		CODE           	2FAC	0000	37
		_device_dsc    		SMALLCONST     	0898	0000	19
		_USB_SD_Ptr    		SMALLCONST     	0801	0000	7
		i2_memset      		CODE           	1150	0000	375
		_sd000         		SMALLCONST     	08AA	0000	5
		i2_USBTransferOnePacket		CODE           	1BFC	0000	319

shared estimated size: 1244

mcc_generated_files/usb/usb_device_events.c
		_USER_USB_CALLBACK_EVENT_HANDLER		CODE           	2A0E	0000	137

mcc_generated_files/usb/usb_device_events.c estimated size: 137

C:\Program Files (x86)\Microchip\xc8\v2.10\pic\sources\c99\common\putch.c
		_putch         		CODE           	3050	0000	3

C:\Program Files (x86)\Microchip\xc8\v2.10\pic\sources\c99\common\putch.c estimated size: 3

mcc_generated_files/mcc.c
		_OSCILLATOR_Initialize		CODE           	300C	0000	33
		_SYSTEM_Initialize		CODE           	302C	0000	23

mcc_generated_files/mcc.c estimated size: 56

C:\Program Files (x86)\Microchip\xc8\v2.10\pic\sources\c99\common\memcpy.c
		_memcpy        		CODE           	2D50	0000	81

C:\Program Files (x86)\Microchip\xc8\v2.10\pic\sources\c99\common\memcpy.c estimated size: 81

C:\Program Files (x86)\Microchip\xc8\v2.10\pic\sources\c99\common\nf_sprintf.c
		_sprintf       		CODE           	2CFE	0000	83

C:\Program Files (x86)\Microchip\xc8\v2.10\pic\sources\c99\common\nf_sprintf.c estimated size: 83

main.c
		_main          		CODE           	2DEC	0000	73
		_USBTask       		CODE           	28D6	0000	169

main.c estimated size: 242

mcc_generated_files/usb/usb_device.c
		_USBCtrlTrfInHandler		CODE           	218A	0000	267
		_USBTransferOnePacket		CODE           	1978	0000	323
		_USBDeviceAttach		CODE           	2E7C	0000	67
		_USBStdGetDscHandler		CODE           	12C6	0000	373
		_USBCtrlEPAllowDataStage		CODE           	2776	0000	181
		_USBStdFeatureReqHandler		CODE           	08BA	0000	861
		_USBCtrlEPAllowStatusStage		CODE           	2294	0000	243
		_USBCtrlTrfSetupHandler		CODE           	297E	0000	145
		_USBCtrlTrfOutHandler		CODE           	2A96	0000	117
		_USBCtrlEPServiceComplete		CODE           	1ABA	0000	323
		_USBSuspend    		CODE           	2FDE	0000	47
		_USBStdSetCfgHandler		CODE           	2386	0000	235
		_USBStdGetStatusHandler		CODE           	1F70	0000	271
		_USBWakeFromSuspend		CODE           	2EBE	0000	67
		_USBCtrlTrfRxService		CODE           	1834	0000	325
		_USBCtrlTrfTxService		CODE           	1E60	0000	273
		_USBEnableEndpoint		CODE           	2DA0	0000	77
		_USBConfigureEndpoint		CODE           	282A	0000	173
		_USBDeviceInit 		CODE           	159C	0000	333
		_USBIncrement1msInternalTimers		CODE           	2F78	0000	53
		_USBCtrlEPService		CODE           	26BE	0000	185
		_USBStallHandler		CODE           	2C40	0000	97
		_USBDeviceTasks		CODE           	0C16	0000	553
		_USBCheckStdRequest		CODE           	1D3A	0000	295

mcc_generated_files/usb/usb_device.c estimated size: 5884

C:\Program Files (x86)\Microchip\xc8\v2.10\pic\sources\c99\common\nf_fputc.c
		_fputc         		CODE           	2470	0000	205

C:\Program Files (x86)\Microchip\xc8\v2.10\pic\sources\c99\common\nf_fputc.c estimated size: 205

