Microchip MPLAB XC8 Compiler V2.10 ()

Linker command line:

-W-3 --edf=C:\Program Files (x86)\Microchip\xc8\v2.10\pic\dat\en_msgs.txt \
  -cs -h+dist/default/production\usb-pic18f45k50.X.production.sym \
  --cmf=dist/default/production\usb-pic18f45k50.X.production.cmf -z \
  -Q18F45K50 -oC:\Users\mario\AppData\Local\Temp\s4c4.2 \
  --defsym=__MPLAB_BUILD=1 \
  -Mdist/default/production/usb-pic18f45k50.X.production.map -E1 -ver=XC8 \
  --acfsm=1493 -ASTACK=0580h-07FFh -pstack=STACK -ACODE=00h-07FFFh \
  -ACONST=00h-07FFFh -ASMALLCONST=0800h-08FFhx120 \
  -AMEDIUMCONST=0800h-07FFFh -ACOMRAM=01h-05Fh -AABS1=00h-07FFh \
  -ABIGRAM=01h-07FFh -ARAM=060h-0FFh,0100h-01FFhx7 -ABANK0=060h-0FFh \
  -ABANK1=0100h-01FFh -ABANK2=0200h-02FFh -ABANK3=0300h-03FFh \
  -ABANK4=0400h-04FFh -ABANK5=0500h-05FFh -ABANK6=0600h-06FFh \
  -ABANK7=0700h-07FFh -ASFR=0F53h-0F5Fh,0F60h-0FFFh \
  -preset_vec=00h,intcode=08h,intcodelo,powerup,init -pramtop=0800h \
  -psmallconst=SMALLCONST -pmediumconst=MEDIUMCONST -pconst=CONST \
  -AFARRAM=00h-00h -ACONFIG=0300000h-030000Dh -pconfig=CONFIG \
  -AIDLOC=0200000h-0200007h -pidloc=IDLOC -AEEDATA=0F00000h-0F000FFh \
  -peeprom_data=EEDATA \
  -prdata=COMRAM,nvrram=COMRAM,nvbit=COMRAM,rbss=COMRAM,rbit=COMRAM \
  -pfarbss=FARRAM,fardata=FARRAM,nvFARRAM=FARRAM \
  -pintsave_regs=BIGRAM,bigbss=BIGRAM,bigdata=BIGRAM -pbss=RAM \
  -pidata=CODE,irdata=CODE,ibigdata=CODE,ifardata=CODE -prparam=COMRAM \
  C:\Users\mario\AppData\Local\Temp\s4c4.o \
  dist/default/production\usb-pic18f45k50.X.production.o 

Object code version is 3.11

Machine type is 18F45K50

Call graph: (short form)




                Name                               Link     Load   Length Selector   Space Scale
C:\Users\mario\AppData\Local\Temp\s4c4.o
                init                                 7E       7E        4        4       0
                reset_vec                             0        0        4        0       0
                idloc                            200000   200000        8   200000       0
                config                           300000   300000        E   300000       0
dist/default/production\usb-pic18f45k50.X.production.o
                intcode                               8        8       76        4       0
                temp                                 53       53        1        1       1
                smallconst                          800      800       BA      400       0
                text75                             2B5A     2B5A      110      45D       0
                text74                             2F90     2F90      10A      45D       0
                text73                             3290     3290       F2      45D       0
                text72                             20A8     20A8      144      45D       0
                text71                             3F34     3F34       74      45D       0
                text70                             3B38     3B38       AC      45D       0
                text69                             43AC     43AC       4C      45D       0
                text68                             25B2     25B2      13E      45D       0
                text67                             4080     4080       64      45D       0
                text66                             2E84     2E84      10C      45D       0
                text65                             3E38     3E38       88      45D       0
                text64                              C34      C34      35C      45D       0
                text63                             19F6     19F6      174      45D       0
                text62                             2C6A     2C6A      10E      45D       0
                text61                             1880     1880      176      45D       0
                text60                             3472     3472       EC      45D       0
                text59                             26F0     26F0      126      45D       0
                text58                             39D4     39D4       B4      45D       0
                text57                             2470     2470      142      45D       0
                text56                             3D1E     3D1E       90      45D       0
                text55                             435C     435C       50      45D       0
                text54                             37AE     37AE       BA      45D       0
                text53                             1E18     1E18      14C      45D       0
                text52                             45B8     45B8       34      45D       0
                text51                             41A6     41A6       60      45D       0
                text50                             464C     464C       2E      45D       0
                text49                             44C8     44C8       42      45D       0
                text48                              F90      F90      236      45D       0
                text46                             46C4     46C4        6      45D       0
                text45                             467A     467A       20      45D       0
                text44                             450A     450A       40      45D       0
                text43                             4440     4440       46      45D       0
                text42                             1592     1592      178      45D       0
                text41                             1CCC     1CCC      14C      45D       0
                text40                             469A     469A       16      45D       0
                text39                             2A4A     2A4A      110      45D       0
                text38                             2D78     2D78      10C      45D       0
                text37                             319E     319E       F2      45D       0
                text36                             1F64     1F64      144      45D       0
                text35                             3EC0     3EC0       74      45D       0
                text34                             3A88     3A88       B0      45D       0
                text33                             4264     4264       54      45D       0
                text32                             232E     232E      142      45D       0
                text31                             4018     4018       68      45D       0
                text30                             309A     309A      104      45D       0
                text29                             3DAE     3DAE       8A      45D       0
                text28                              8BA      8BA      37A      45D       0
                text27                             170A     170A      176      45D       0
                text26                             293A     293A      110      45D       0
                text25                             3382     3382       F0      45D       0
                text24                             2816     2816      124      45D       0
                text23                             3920     3920       B4      45D       0
                text22                             21EC     21EC      142      45D       0
                text21                             3C8C     3C8C       92      45D       0
                text20                             430A     430A       52      45D       0
                text19                             36F4     36F4       BA      45D       0
                text18                             4584     4584       34      45D       0
                text17                             4146     4146       60      45D       0
                text16                             461E     461E       2E      45D       0
                text15                             4486     4486       42      45D       0
                text14                             11C6     11C6      232      45D       0
                text13                             13F8     13F8      19A      45D       0
                text12                             3868     3868       B8      45D       0
                text11                             3FA8     3FA8       70      45D       0
                text10                             46CA     46CA        2      45D       0
                text9                              355E     355E       CC      45D       0
                text8                              43F8     43F8       48      45D       0
                text7                              454A     454A       3A      45D       0
                text6                              362A     362A       CA      45D       0
                text5                              4206     4206       5E      45D       0
                text4                              1B6A     1B6A      162      45D       0
                text3                              40E4     40E4       62      45D       0
                text2                              42B8     42B8       52      45D       0
                text1                              3BE4     3BE4       A8      45D       0
                text0                              46B0     46B0       14      45D       0
                cstackCOMRAM                         2A       2A       29        1       1
                cstackBANK0                          A9       A9       46       60       1
                bssBANK1                            100      100       A0      100       1
                bssBANK0                             60       60       49       60       1
                bssCOMRAM                             1        1       29        1       1
                cinit                              45EC     45EC       32      45D       0

TOTAL           Name                               Link     Load   Length     Space
        CLASS   STACK          

        CLASS   CODE           
                intcode                               8        8       76         0
                init                                 7E       7E        4         0
                reset_vec                             0        0        4         0
                text75                             2B5A     2B5A      110         0
                text74                             2F90     2F90      10A         0
                text73                             3290     3290       F2         0
                text72                             20A8     20A8      144         0
                text71                             3F34     3F34       74         0
                text70                             3B38     3B38       AC         0
                text69                             43AC     43AC       4C         0
                text68                             25B2     25B2      13E         0
                text67                             4080     4080       64         0
                text66                             2E84     2E84      10C         0
                text65                             3E38     3E38       88         0
                text64                              C34      C34      35C         0
                text63                             19F6     19F6      174         0
                text62                             2C6A     2C6A      10E         0
                text61                             1880     1880      176         0
                text60                             3472     3472       EC         0
                text59                             26F0     26F0      126         0
                text58                             39D4     39D4       B4         0
                text57                             2470     2470      142         0
                text56                             3D1E     3D1E       90         0
                text55                             435C     435C       50         0
                text54                             37AE     37AE       BA         0
                text53                             1E18     1E18      14C         0
                text52                             45B8     45B8       34         0
                text51                             41A6     41A6       60         0
                text50                             464C     464C       2E         0
                text49                             44C8     44C8       42         0
                text48                              F90      F90      236         0
                text46                             46C4     46C4        6         0
                text45                             467A     467A       20         0
                text44                             450A     450A       40         0
                text43                             4440     4440       46         0
                text42                             1592     1592      178         0
                text41                             1CCC     1CCC      14C         0
                text40                             469A     469A       16         0
                text39                             2A4A     2A4A      110         0
                text38                             2D78     2D78      10C         0
                text37                             319E     319E       F2         0
                text36                             1F64     1F64      144         0
                text35                             3EC0     3EC0       74         0
                text34                             3A88     3A88       B0         0
                text33                             4264     4264       54         0
                text32                             232E     232E      142         0
                text31                             4018     4018       68         0
                text30                             309A     309A      104         0
                text29                             3DAE     3DAE       8A         0
                text28                              8BA      8BA      37A         0
                text27                             170A     170A      176         0
                text26                             293A     293A      110         0
                text25                             3382     3382       F0         0
                text24                             2816     2816      124         0
                text23                             3920     3920       B4         0
                text22                             21EC     21EC      142         0
                text21                             3C8C     3C8C       92         0
                text20                             430A     430A       52         0
                text19                             36F4     36F4       BA         0
                text18                             4584     4584       34         0
                text17                             4146     4146       60         0
                text16                             461E     461E       2E         0
                text15                             4486     4486       42         0
                text14                             11C6     11C6      232         0
                text13                             13F8     13F8      19A         0
                text12                             3868     3868       B8         0
                text11                             3FA8     3FA8       70         0
                text10                             46CA     46CA        2         0
                text9                              355E     355E       CC         0
                text8                              43F8     43F8       48         0
                text7                              454A     454A       3A         0
                text6                              362A     362A       CA         0
                text5                              4206     4206       5E         0
                text4                              1B6A     1B6A      162         0
                text3                              40E4     40E4       62         0
                text2                              42B8     42B8       52         0
                text1                              3BE4     3BE4       A8         0
                text0                              46B0     46B0       14         0
                cinit                              45EC     45EC       32         0

        CLASS   CONST          

        CLASS   SMALLCONST     
                smallconst                          800      800       BA         0

        CLASS   MEDIUMCONST    

        CLASS   COMRAM         
                temp                                 53       53        1         1
                cstackCOMRAM                         2A       2A       29         1
                bssCOMRAM                             1        1       29         1

        CLASS   ABS1           
                abs_s1                              400      400       40         1
                abs_s1                              500      500       80         1

        CLASS   BIGRAM         

        CLASS   RAM            

        CLASS   BANK0          
                cstackBANK0                          A9       A9       46         1
                bssBANK0                             60       60       49         1

        CLASS   BANK1          
                bssBANK1                            100      100       A0         1

        CLASS   BANK2          

        CLASS   BANK3          

        CLASS   BANK4          

        CLASS   BANK5          

        CLASS   BANK6          

        CLASS   BANK7          

        CLASS   SFR            

        CLASS   FARRAM         

        CLASS   CONFIG         
                config                           300000   300000        E         0

        CLASS   IDLOC          
                idloc                            200000   200000        8         0

        CLASS   EEDATA         



SEGMENTS        Name                           Load    Length   Top    Selector   Space  Class

                reset_vec                      000000  000004  000004         0       0  CODE    
                bssCOMRAM                      000001  000053  000054         1       1  COMRAM  
                intcode                        000008  00007A  000082         4       0  CODE    
                bssBANK0                       000060  00008F  0000EF        60       1  BANK0   
                bssBANK1                       000100  0000A0  0001A0       100       1  BANK1   
                smallconst                     000800  0000BA  0008BA       400       0  SMALLCON
                text28                         0008BA  003E12  0046CC       45D       0  CODE    
                idloc                          200000  000008  200008    200000       0  IDLOC   
                config                         300000  00000E  30000E    300000       0  CONFIG  


UNUSED ADDRESS RANGES

        Name                Unused          Largest block    Delta
        BANK0            0000EF-0000FF               11
        BANK1            0001A0-0001FF               60
        BANK2            000200-0002FF              100
        BANK3            000300-0003FF              100
        BANK4            000440-0004FF               C0
        BANK5            000580-0005FF               80
        BANK6            000600-0006FF              100
        BANK7            000700-0007FF              100
        BIGRAM           000054-00005F                C
                         0000EF-0000FF               11
                         0001A0-0003FF              260
                         000440-0004FF               C0
                         000580-0007FF              280
        CODE             000004-000007                4
                         000082-0007FF              77E
                         0046CC-007FFF             3934
        COMRAM           000054-00005F                C
        CONST            000004-000007                4
                         000082-0007FF              77E
                         0046CC-007FFF             3934
        EEDATA           F00000-F000FF              100
        MEDIUMCONST      0046CC-007FFF             3934
        RAM              0000EF-0000FF               11
                         0001A0-0003FF              100
                         000440-0004FF               C0
                         000580-0007FF              100
        SFR              000F53-000FFF                D
        SMALLCONST       0046CC-007FFF              100
        STACK            000580-0007FF              280

                                  Symbol Table

?_USBTransferOnePacket                      cstackBANK0  0000A9
?_ctoa                                      cstackBANK0  0000C4
?_pad                                       cstackBANK0  0000B9
?_sprintf                                   cstackBANK0  0000DA
?_strlen                                    cstackBANK0  0000A9
?_vfpfcnvrt                                 cstackBANK0  0000C9
?_vfprintf                                  cstackBANK0  0000D2
?i2_USBTransferOnePacket                    cstackCOMRAM 00002A
CDCTxService@byte_to_send                   cstackBANK0  0000B5
CDCTxService@i                              cstackBANK0  0000B4
USBConfigureEndpoint@EPNum                  cstackBANK0  0000AE
USBConfigureEndpoint@direction              cstackBANK0  0000A9
USBConfigureEndpoint@handle                 cstackBANK0  0000AF
USBCtrlTrfInHandler@lastDTS                 cstackBANK0  0000AA
USBCtrlTrfRxService@byteToRead              cstackBANK0  0000AA
USBCtrlTrfRxService@i                       cstackBANK0  0000A9
USBCtrlTrfTxService@byteToSend              cstackBANK0  0000A9
USBDeviceInit@i                             cstackBANK0  0000B5
USBDeviceTasks@i                            cstackBANK0  0000C7
USBEnableEndpoint@ep                        cstackBANK0  0000B4
USBEnableEndpoint@options                   cstackBANK0  0000B1
USBEnableEndpoint@p                         cstackBANK0  0000B2
USBStdFeatureReqHandler@current_ep_data     cstackBANK0  0000C1
USBStdFeatureReqHandler@p                   cstackBANK0  0000C2
USBStdFeatureReqHandler@pUEP                cstackBANK0  0000BF
USBStdGetStatusHandler@p                    cstackBANK0  0000AB
USBStdSetCfgHandler@i                       cstackBANK0  0000BD
USBTask@READ                                cstackBANK0  0000EE
USBTransferOnePacket@data                   cstackBANK0  0000AA
USBTransferOnePacket@dir                    cstackBANK0  0000A9
USBTransferOnePacket@ep                     cstackBANK0  0000B1
USBTransferOnePacket@handle                 cstackBANK0  0000B2
USBTransferOnePacket@len                    cstackBANK0  0000AC
USER_USB_CALLBACK_EVENT_HANDLER@event       cstackBANK0  0000B5
USER_USB_CALLBACK_EVENT_HANDLER@pdata       cstackBANK0  0000B7
USER_USB_CALLBACK_EVENT_HANDLER@size        cstackBANK0  0000B9
_ACTCON                                     (abs)        000FB5
_ANSELA                                     (abs)        000F5B
_ANSELB                                     (abs)        000F5C
_ANSELC                                     (abs)        000F5D
_ANSELD                                     (abs)        000F5E
_ANSELE                                     (abs)        000F5F
_BDT                                        (abs)        000400
_BaudRateGen                                bssCOMRAM    000001
_BothEP0OutUOWNsSet                         bssCOMRAM    000017
_CDCDataInHandle                            bssBANK0     000098
_CDCDataOutHandle                           bssBANK0     00009A
_CDCInitEP                                  text31       004018
_CDCTxService                               text13       0013F8
_CtrlTrfData                                (abs)        000438
_INTCON2bits                                (abs)        000FF1
_INTCONbits                                 (abs)        000FF2
_INTERRUPT_Initialize                       text46       0046C4
_INTERRUPT_InterruptManagerHigh             intcode      000008
_IPR3bits                                   (abs)        000FA5
_LATA                                       (abs)        000F89
_LATB                                       (abs)        000F8A
_LATC                                       (abs)        000F8B
_LATC0                                      (abs)        007C58
_LATD                                       (abs)        000F8C
_LATE                                       (abs)        000F8D
_OSCCON                                     (abs)        000FD3
_OSCCON2                                    (abs)        000FD2
_OSCILLATOR_Initialize                      text45       00467A
_OSCTUNE                                    (abs)        000F9B
_PIE3bits                                   (abs)        000FA3
_PIN_MANAGER_Initialize                     text44       00450A
_PIR3bits                                   (abs)        000FA4
_PLLRDY                                     (abs)        007E97
_RCONbits                                   (abs)        000FD0
_RemoteWakeup                               bssCOMRAM    000018
_SYSTEM_Initialize                          text40       00469A
_SetupPkt                                   (abs)        000430
_TRISA                                      (abs)        000F92
_TRISB                                      (abs)        000F93
_TRISC                                      (abs)        000F94
_TRISD                                      (abs)        000F95
_TRISE                                      (abs)        000F96
_UADDR                                      (abs)        000F63
_UCFG                                       (abs)        000F62
_UCON                                       (abs)        000F60
_UCONbits                                   (abs)        000F60
_UEIE                                       (abs)        000F66
_UEIR                                       (abs)        000F67
_UEP0                                       (abs)        000F6A
_UEP0bits                                   (abs)        000F6A
_UEP1                                       (abs)        000F6B
_UIE                                        (abs)        000F64
_UIEbits                                    (abs)        000F64
_UIR                                        (abs)        000F65
_UIRbits                                    (abs)        000F65
_USB1msTickCount                            bssCOMRAM    000005
_USBActiveConfiguration                     bssBANK0     0000A8
_USBAlternateInterface                      bssBANK0     0000A5
_USBBusIsSuspended                          bssBANK0     0000A3
_USBCheckCDCRequest                         text30       00309A
_USBCheckStdRequest                         text24       002816
_USBConfigureEndpoint                       text34       003A88
_USBCtrlEPAllowDataStage                    text23       003920
_USBCtrlEPAllowStatusStage                  text37       00319E
_USBCtrlEPService                           text19       0036F4
_USBCtrlEPServiceComplete                   text22       0021EC
_USBCtrlTrfInHandler                        text38       002D78
_USBCtrlTrfOutHandler                       text35       003EC0
_USBCtrlTrfRxService                        text36       001F64
_USBCtrlTrfSetupHandler                     text21       003C8C
_USBCtrlTrfTxService                        text39       002A4A
_USBDeferINDataStagePackets                 bssCOMRAM    000013
_USBDeferOUTDataStagePackets                bssCOMRAM    000012
_USBDeferStatusStagePacket                  bssCOMRAM    000016
_USBDeviceAttach                            text43       004440
_USBDeviceInit                              text41       001CCC
_USBDeviceState                             bssBANK0     0000A4
_USBDeviceTasks                             text14       0011C6
_USBEnableEndpoint                          text33       004264
_USBIncrement1msInternalTimers              text18       004584
_USBStallHandler                            text17       004146
_USBStatusStageEnabledFlag1                 bssCOMRAM    000015
_USBStatusStageEnabledFlag2                 bssCOMRAM    000014
_USBStatusStageTimeoutCounter               bssBANK0     0000A1
_USBStdFeatureReqHandler                    text28       0008BA
_USBStdGetDscHandler                        text27       00170A
_USBStdGetStatusHandler                     text26       00293A
_USBStdSetCfgHandler                        text25       003382
_USBSuspend                                 text16       00461E
_USBTask                                    text1        003BE4
_USBTicksSinceSuspendEnd                    bssBANK0     0000A0
_USBTransferOnePacket                       text32       00232E
_USBWakeFromSuspend                         text15       004486
_USB_CD_Ptr                                 smallconst   000807
_USB_Out_Buffer                             bssBANK1     000140
_USB_SD_Ptr                                 smallconst   000801
_USER_USB_CALLBACK_EVENT_HANDLER            text29       003DAE
_USTAT                                      (abs)        000F61
_USTATcopy                                  bssBANK0     0000A7
_WPUB                                       (abs)        000F85
__CFG_BOREN$SBORDIS                         (abs)        000000
__CFG_BORV$190                              (abs)        000000
__CFG_CCP2MX$RC1                            (abs)        000000
__CFG_CFGPLLEN$OFF                          (abs)        000000
__CFG_CP0$OFF                               (abs)        000000
__CFG_CP1$OFF                               (abs)        000000
__CFG_CP2$OFF                               (abs)        000000
__CFG_CP3$OFF                               (abs)        000000
__CFG_CPB$OFF                               (abs)        000000
__CFG_CPD$OFF                               (abs)        000000
__CFG_CPUDIV$NOCLKDIV                       (abs)        000000
__CFG_DEBUG$OFF                             (abs)        000000
__CFG_EBTR0$OFF                             (abs)        000000
__CFG_EBTR1$OFF                             (abs)        000000
__CFG_EBTR2$OFF                             (abs)        000000
__CFG_EBTR3$OFF                             (abs)        000000
__CFG_EBTRB$OFF                             (abs)        000000
__CFG_FCMEN$OFF                             (abs)        000000
__CFG_FOSC$INTOSCIO                         (abs)        000000
__CFG_ICPRT$OFF                             (abs)        000000
__CFG_IESO$OFF                              (abs)        000000
__CFG_LS48MHZ$SYS48X8                       (abs)        000000
__CFG_LVP$OFF                               (abs)        000000
__CFG_MCLRE$ON                              (abs)        000000
__CFG_PBADEN$OFF                            (abs)        000000
__CFG_PCLKEN$ON                             (abs)        000000
__CFG_PLLSEL$PLL3X                          (abs)        000000
__CFG_SDOMX$RB3                             (abs)        000000
__CFG_STVREN$ON                             (abs)        000000
__CFG_T3CMX$RC0                             (abs)        000000
__CFG_WDTEN$OFF                             (abs)        000000
__CFG_WDTPS$32768                           (abs)        000000
__CFG_WRT0$OFF                              (abs)        000000
__CFG_WRT1$OFF                              (abs)        000000
__CFG_WRT2$OFF                              (abs)        000000
__CFG_WRT3$OFF                              (abs)        000000
__CFG_WRTB$OFF                              (abs)        000000
__CFG_WRTC$OFF                              (abs)        000000
__CFG_WRTD$OFF                              (abs)        000000
__CFG_XINST$OFF                             (abs)        000000
__CFG_nLPBOR$OFF                            (abs)        000000
__CFG_nPWRTEN$OFF                           (abs)        000000
__HRAM                                      (abs)        000000
__Habs1                                     abs1         000000
__Hbank0                                    bank0        000000
__Hbank1                                    bank1        000000
__Hbank2                                    bank2        000000
__Hbank3                                    bank3        000000
__Hbank4                                    bank4        000000
__Hbank5                                    bank5        000000
__Hbank6                                    bank6        000000
__Hbank7                                    bank7        000000
__Hbigbss                                   bigbss       000000
__Hbigdata                                  bigdata      000000
__Hbigram                                   bigram       000000
__Hbss                                      bss          000000
__HbssBANK0                                 bssBANK0     000000
__HbssBANK1                                 bssBANK1     000000
__HbssCOMRAM                                bssCOMRAM    000000
__Hcinit                                    cinit        000000
__Hclrtext                                  clrtext      000000
__Hcomram                                   comram       000000
__Hconfig                                   config       30000E
__Hconst                                    const        000000
__HcstackBANK0                              cstackBANK0  000000
__HcstackCOMRAM                             cstackCOMRAM 000000
__Hdata                                     data         000000
__Heeprom_data                              eeprom_data  000000
__Hfarbss                                   farbss       000000
__Hfardata                                  fardata      000000
__Hibigdata                                 ibigdata     000000
__Hidata                                    idata        000000
__Hidloc                                    idloc        200008
__Hifardata                                 ifardata     000000
__Hinit                                     init         000082
__Hintcode                                  intcode      00007E
__Hintcode_body                             intcode_body 000000
__Hintcodelo                                intcodelo    00007E
__Hintentry                                 intentry     000000
__Hintret                                   intret       000000
__Hintsave_regs                             intsave_regs 000000
__Hirdata                                   irdata       000000
__Hmediumconst                              mediumconst  000000
__HnvFARRAM                                 nvFARRAM     000000
__Hnvbit                                    nvbit        000000
__Hnvrram                                   nvrram       000000
__Hparam                                    rparam       000000
__Hpowerup                                  powerup      00007E
__Hram                                      ram          000000
__Hramtop                                   ramtop       000800
__Hrbit                                     rbit         000000
__Hrbss                                     rbss         000000
__Hrdata                                    rdata        000000
__Hreset_vec                                reset_vec    000004
__Hrparam                                   rparam       000000
__Hsfr                                      sfr          000000
__Hsmallconst                               smallconst   0008BA
__Hspace_0                                  (abs)        30000E
__Hspace_1                                  (abs)        0001A0
__Hspace_2                                  (abs)        000000
__Hstack                                    stack        000000
__Hstruct                                   struct       000000
__Htemp                                     temp         000054
__Htext                                     text         000000
__Htext0                                    text0        000000
__Htext1                                    text1        000000
__Htext10                                   text10       000000
__Htext11                                   text11       000000
__Htext12                                   text12       000000
__Htext13                                   text13       000000
__Htext14                                   text14       000000
__Htext15                                   text15       000000
__Htext16                                   text16       000000
__Htext17                                   text17       000000
__Htext18                                   text18       000000
__Htext19                                   text19       000000
__Htext2                                    text2        000000
__Htext20                                   text20       000000
__Htext21                                   text21       000000
__Htext22                                   text22       000000
__Htext23                                   text23       000000
__Htext24                                   text24       000000
__Htext25                                   text25       000000
__Htext26                                   text26       000000
__Htext27                                   text27       000000
__Htext28                                   text28       000000
__Htext29                                   text29       000000
__Htext3                                    text3        000000
__Htext30                                   text30       000000
__Htext31                                   text31       000000
__Htext32                                   text32       000000
__Htext33                                   text33       000000
__Htext34                                   text34       000000
__Htext35                                   text35       000000
__Htext36                                   text36       000000
__Htext37                                   text37       000000
__Htext38                                   text38       000000
__Htext39                                   text39       000000
__Htext4                                    text4        000000
__Htext40                                   text40       000000
__Htext41                                   text41       000000
__Htext42                                   text42       000000
__Htext43                                   text43       000000
__Htext44                                   text44       000000
__Htext45                                   text45       000000
__Htext46                                   text46       000000
__Htext48                                   text48       000000
__Htext49                                   text49       000000
__Htext5                                    text5        000000
__Htext50                                   text50       000000
__Htext51                                   text51       000000
__Htext52                                   text52       000000
__Htext53                                   text53       000000
__Htext54                                   text54       000000
__Htext55                                   text55       000000
__Htext56                                   text56       000000
__Htext57                                   text57       000000
__Htext58                                   text58       000000
__Htext59                                   text59       000000
__Htext6                                    text6        000000
__Htext60                                   text60       000000
__Htext61                                   text61       000000
__Htext62                                   text62       000000
__Htext63                                   text63       000000
__Htext64                                   text64       000000
__Htext65                                   text65       000000
__Htext66                                   text66       000000
__Htext67                                   text67       000000
__Htext68                                   text68       000000
__Htext69                                   text69       000000
__Htext7                                    text7        000000
__Htext70                                   text70       000000
__Htext71                                   text71       000000
__Htext72                                   text72       000000
__Htext73                                   text73       000000
__Htext74                                   text74       000000
__Htext75                                   text75       000000
__Htext8                                    text8        000000
__Htext9                                    text9        000000
__LRAM                                      (abs)        000001
__Labs1                                     abs1         000000
__Lbank0                                    bank0        000000
__Lbank1                                    bank1        000000
__Lbank2                                    bank2        000000
__Lbank3                                    bank3        000000
__Lbank4                                    bank4        000000
__Lbank5                                    bank5        000000
__Lbank6                                    bank6        000000
__Lbank7                                    bank7        000000
__Lbigbss                                   bigbss       000000
__Lbigdata                                  bigdata      000000
__Lbigram                                   bigram       000000
__Lbss                                      bss          000000
__LbssBANK0                                 bssBANK0     000000
__LbssBANK1                                 bssBANK1     000000
__LbssCOMRAM                                bssCOMRAM    000000
__Lcinit                                    cinit        000000
__Lclrtext                                  clrtext      000000
__Lcomram                                   comram       000000
__Lconfig                                   config       300000
__Lconst                                    const        000000
__LcstackBANK0                              cstackBANK0  000000
__LcstackCOMRAM                             cstackCOMRAM 000000
__Ldata                                     data         000000
__Leeprom_data                              eeprom_data  000000
__Lfarbss                                   farbss       000000
__Lfardata                                  fardata      000000
__Libigdata                                 ibigdata     000000
__Lidata                                    idata        000000
__Lidloc                                    idloc        200000
__Lifardata                                 ifardata     000000
__Linit                                     init         00007E
__Lintcode                                  intcode      000008
__Lintcode_body                             intcode_body 000000
__Lintcodelo                                intcodelo    00007E
__Lintentry                                 intentry     000000
__Lintret                                   intret       000000
__Lintsave_regs                             intsave_regs 000000
__Lirdata                                   irdata       000000
__Lmediumconst                              mediumconst  000000
__LnvFARRAM                                 nvFARRAM     000000
__Lnvbit                                    nvbit        000000
__Lnvrram                                   nvrram       000000
__Lparam                                    rparam       000000
__Lpowerup                                  powerup      00007E
__Lram                                      ram          000000
__Lramtop                                   ramtop       000800
__Lrbit                                     rbit         000000
__Lrbss                                     rbss         000000
__Lrdata                                    rdata        000000
__Lreset_vec                                reset_vec    000000
__Lrparam                                   rparam       000000
__Lsfr                                      sfr          000000
__Lsmallconst                               smallconst   000800
__Lspace_0                                  (abs)        000000
__Lspace_1                                  (abs)        000000
__Lspace_2                                  (abs)        000000
__Lstack                                    stack        000000
__Lstruct                                   struct       000000
__Ltemp                                     temp         000053
__Ltext                                     text         000000
__Ltext0                                    text0        000000
__Ltext1                                    text1        000000
__Ltext10                                   text10       000000
__Ltext11                                   text11       000000
__Ltext12                                   text12       000000
__Ltext13                                   text13       000000
__Ltext14                                   text14       000000
__Ltext15                                   text15       000000
__Ltext16                                   text16       000000
__Ltext17                                   text17       000000
__Ltext18                                   text18       000000
__Ltext19                                   text19       000000
__Ltext2                                    text2        000000
__Ltext20                                   text20       000000
__Ltext21                                   text21       000000
__Ltext22                                   text22       000000
__Ltext23                                   text23       000000
__Ltext24                                   text24       000000
__Ltext25                                   text25       000000
__Ltext26                                   text26       000000
__Ltext27                                   text27       000000
__Ltext28                                   text28       000000
__Ltext29                                   text29       000000
__Ltext3                                    text3        000000
__Ltext30                                   text30       000000
__Ltext31                                   text31       000000
__Ltext32                                   text32       000000
__Ltext33                                   text33       000000
__Ltext34                                   text34       000000
__Ltext35                                   text35       000000
__Ltext36                                   text36       000000
__Ltext37                                   text37       000000
__Ltext38                                   text38       000000
__Ltext39                                   text39       000000
__Ltext4                                    text4        000000
__Ltext40                                   text40       000000
__Ltext41                                   text41       000000
__Ltext42                                   text42       000000
__Ltext43                                   text43       000000
__Ltext44                                   text44       000000
__Ltext45                                   text45       000000
__Ltext46                                   text46       000000
__Ltext48                                   text48       000000
__Ltext49                                   text49       000000
__Ltext5                                    text5        000000
__Ltext50                                   text50       000000
__Ltext51                                   text51       000000
__Ltext52                                   text52       000000
__Ltext53                                   text53       000000
__Ltext54                                   text54       000000
__Ltext55                                   text55       000000
__Ltext56                                   text56       000000
__Ltext57                                   text57       000000
__Ltext58                                   text58       000000
__Ltext59                                   text59       000000
__Ltext6                                    text6        000000
__Ltext60                                   text60       000000
__Ltext61                                   text61       000000
__Ltext62                                   text62       000000
__Ltext63                                   text63       000000
__Ltext64                                   text64       000000
__Ltext65                                   text65       000000
__Ltext66                                   text66       000000
__Ltext67                                   text67       000000
__Ltext68                                   text68       000000
__Ltext69                                   text69       000000
__Ltext7                                    text7        000000
__Ltext70                                   text70       000000
__Ltext71                                   text71       000000
__Ltext72                                   text72       000000
__Ltext73                                   text73       000000
__Ltext74                                   text74       000000
__Ltext75                                   text75       000000
__Ltext8                                    text8        000000
__Ltext9                                    text9        000000
__S0                                        (abs)        30000E
__S1                                        (abs)        0001A0
__S2                                        (abs)        000000
___inthi_sp                                 stack        000000
___intlo_sp                                 stack        000000
___param_bank                               (abs)        000000
___rparam_used                              (abs)        000001
___sp                                       stack        000000
__accesstop                                 (abs)        000060
__activetblptr                              (abs)        000002
__end_of_CDCInitEP                          text31       004080
__end_of_CDCTxService                       text13       001592
__end_of_INTERRUPT_Initialize               text46       0046CA
__end_of_INTERRUPT_InterruptManagerHigh     intcode      00007E
__end_of_OSCILLATOR_Initialize              text45       00469A
__end_of_PIN_MANAGER_Initialize             text44       00454A
__end_of_SYSTEM_Initialize                  text40       0046B0
__end_of_USBCheckCDCRequest                 text30       00319E
__end_of_USBCheckStdRequest                 text24       00293A
__end_of_USBConfigureEndpoint               text34       003B38
__end_of_USBCtrlEPAllowDataStage            text23       0039D4
__end_of_USBCtrlEPAllowStatusStage          text37       003290
__end_of_USBCtrlEPService                   text19       0037AE
__end_of_USBCtrlEPServiceComplete           text22       00232E
__end_of_USBCtrlTrfInHandler                text38       002E84
__end_of_USBCtrlTrfOutHandler               text35       003F34
__end_of_USBCtrlTrfRxService                text36       0020A8
__end_of_USBCtrlTrfSetupHandler             text21       003D1E
__end_of_USBCtrlTrfTxService                text39       002B5A
__end_of_USBDeviceAttach                    text43       004486
__end_of_USBDeviceInit                      text41       001E18
__end_of_USBDeviceTasks                     text14       0013F8
__end_of_USBEnableEndpoint                  text33       0042B8
__end_of_USBIncrement1msInternalTimers      text18       0045B8
__end_of_USBStallHandler                    text17       0041A6
__end_of_USBStdFeatureReqHandler            text28       000C34
__end_of_USBStdGetDscHandler                text27       001880
__end_of_USBStdGetStatusHandler             text26       002A4A
__end_of_USBStdSetCfgHandler                text25       003472
__end_of_USBSuspend                         text16       00464C
__end_of_USBTask                            text1        003C8C
__end_of_USBTransferOnePacket               text32       002470
__end_of_USBWakeFromSuspend                 text15       0044C8
__end_of_USB_CD_Ptr                         smallconst   000809
__end_of_USB_SD_Ptr                         smallconst   000807
__end_of_USER_USB_CALLBACK_EVENT_HANDLER    text29       003E38
__end_of__initialization                    cinit        004610
__end_of_configDescriptor1                  smallconst   00084C
__end_of_ctoa                               text5        004264
__end_of_device_dsc                         smallconst   0008AA
__end_of_fputc                              text9        00362A
__end_of_fputs                              text8        004440
__end_of_getsUSBUSART                       text12       003920
__end_of_main                               text0        0046C4
__end_of_memcpy                             text20       00435C
__end_of_memset                             text42       00170A
__end_of_pad                                text6        0036F4
__end_of_putch                              text10       0046CC
__end_of_putrsUSBUSART                      text11       004018
__end_of_sd000                              smallconst   0008AE
__end_of_sd001                              smallconst   000880
__end_of_sd002                              smallconst   000898
__end_of_sprintf                            text2        00430A
__end_of_strlen                             text7        004584
__end_of_vfpfcnvrt                          text4        001CCC
__end_of_vfprintf                           text3        004146
__end_ofi2_CDCInitEP                        text67       0040E4
__end_ofi2_USBCheckCDCRequest               text66       002F90
__end_ofi2_USBCheckStdRequest               text59       002816
__end_ofi2_USBConfigureEndpoint             text70       003BE4
__end_ofi2_USBCtrlEPAllowDataStage          text58       003A88
__end_ofi2_USBCtrlEPAllowStatusStage        text73       003382
__end_ofi2_USBCtrlEPService                 text54       003868
__end_ofi2_USBCtrlEPServiceComplete         text57       0025B2
__end_ofi2_USBCtrlTrfInHandler              text74       00309A
__end_ofi2_USBCtrlTrfOutHandler             text71       003FA8
__end_ofi2_USBCtrlTrfRxService              text72       0021EC
__end_ofi2_USBCtrlTrfSetupHandler           text56       003DAE
__end_ofi2_USBCtrlTrfTxService              text75       002C6A
__end_ofi2_USBDeviceInit                    text53       001F64
__end_ofi2_USBDeviceTasks                   text48       0011C6
__end_ofi2_USBEnableEndpoint                text69       0043F8
__end_ofi2_USBIncrement1msInternalTimers    text52       0045EC
__end_ofi2_USBStallHandler                  text51       004206
__end_ofi2_USBStdFeatureReqHandler          text64       000F90
__end_ofi2_USBStdGetDscHandler              text63       001B6A
__end_ofi2_USBStdGetStatusHandler           text62       002D78
__end_ofi2_USBStdSetCfgHandler              text60       00355E
__end_ofi2_USBSuspend                       text50       00467A
__end_ofi2_USBTransferOnePacket             text68       0026F0
__end_ofi2_USBWakeFromSuspend               text49       00450A
__end_ofi2_USER_USB_CALLBACK_EVENT_HANDLER  text65       003EC0
__end_ofi2_memcpy                           text55       0043AC
__end_ofi2_memset                           text61       0019F6
__initialization                            cinit        0045EC
__mediumconst                               mediumconst  000000
__pbssBANK0                                 bssBANK0     000060
__pbssBANK1                                 bssBANK1     000100
__pbssCOMRAM                                bssCOMRAM    000001
__pcinit                                    cinit        0045EC
__pcstackBANK0                              cstackBANK0  0000A9
__pcstackCOMRAM                             cstackCOMRAM 00002A
__pintcode                                  intcode      000008
__psmallconst                               smallconst   000800
__ptext0                                    text0        0046B0
__ptext1                                    text1        003BE4
__ptext10                                   text10       0046CA
__ptext11                                   text11       003FA8
__ptext12                                   text12       003868
__ptext13                                   text13       0013F8
__ptext14                                   text14       0011C6
__ptext15                                   text15       004486
__ptext16                                   text16       00461E
__ptext17                                   text17       004146
__ptext18                                   text18       004584
__ptext19                                   text19       0036F4
__ptext2                                    text2        0042B8
__ptext20                                   text20       00430A
__ptext21                                   text21       003C8C
__ptext22                                   text22       0021EC
__ptext23                                   text23       003920
__ptext24                                   text24       002816
__ptext25                                   text25       003382
__ptext26                                   text26       00293A
__ptext27                                   text27       00170A
__ptext28                                   text28       0008BA
__ptext29                                   text29       003DAE
__ptext3                                    text3        0040E4
__ptext30                                   text30       00309A
__ptext31                                   text31       004018
__ptext32                                   text32       00232E
__ptext33                                   text33       004264
__ptext34                                   text34       003A88
__ptext35                                   text35       003EC0
__ptext36                                   text36       001F64
__ptext37                                   text37       00319E
__ptext38                                   text38       002D78
__ptext39                                   text39       002A4A
__ptext4                                    text4        001B6A
__ptext40                                   text40       00469A
__ptext41                                   text41       001CCC
__ptext42                                   text42       001592
__ptext43                                   text43       004440
__ptext44                                   text44       00450A
__ptext45                                   text45       00467A
__ptext46                                   text46       0046C4
__ptext48                                   text48       000F90
__ptext49                                   text49       0044C8
__ptext5                                    text5        004206
__ptext50                                   text50       00464C
__ptext51                                   text51       0041A6
__ptext52                                   text52       0045B8
__ptext53                                   text53       001E18
__ptext54                                   text54       0037AE
__ptext55                                   text55       00435C
__ptext56                                   text56       003D1E
__ptext57                                   text57       002470
__ptext58                                   text58       0039D4
__ptext59                                   text59       0026F0
__ptext6                                    text6        00362A
__ptext60                                   text60       003472
__ptext61                                   text61       001880
__ptext62                                   text62       002C6A
__ptext63                                   text63       0019F6
__ptext64                                   text64       000C34
__ptext65                                   text65       003E38
__ptext66                                   text66       002E84
__ptext67                                   text67       004080
__ptext68                                   text68       0025B2
__ptext69                                   text69       0043AC
__ptext7                                    text7        00454A
__ptext70                                   text70       003B38
__ptext71                                   text71       003F34
__ptext72                                   text72       0020A8
__ptext73                                   text73       003290
__ptext74                                   text74       002F90
__ptext75                                   text75       002B5A
__ptext8                                    text8        0043F8
__ptext9                                    text9        00355E
__ramtop                                    ramtop       000800
__size_of_CDCInitEP                         (abs)        000000
__size_of_CDCTxService                      (abs)        000000
__size_of_INTERRUPT_Initialize              (abs)        000000
__size_of_INTERRUPT_InterruptManagerHigh    (abs)        000000
__size_of_OSCILLATOR_Initialize             (abs)        000000
__size_of_PIN_MANAGER_Initialize            (abs)        000000
__size_of_SYSTEM_Initialize                 (abs)        000000
__size_of_USBCheckCDCRequest                (abs)        000000
__size_of_USBCheckStdRequest                (abs)        000000
__size_of_USBConfigureEndpoint              (abs)        000000
__size_of_USBCtrlEPAllowDataStage           (abs)        000000
__size_of_USBCtrlEPAllowStatusStage         (abs)        000000
__size_of_USBCtrlEPService                  (abs)        000000
__size_of_USBCtrlEPServiceComplete          (abs)        000000
__size_of_USBCtrlTrfInHandler               (abs)        000000
__size_of_USBCtrlTrfOutHandler              (abs)        000000
__size_of_USBCtrlTrfRxService               (abs)        000000
__size_of_USBCtrlTrfSetupHandler            (abs)        000000
__size_of_USBCtrlTrfTxService               (abs)        000000
__size_of_USBDeviceAttach                   (abs)        000000
__size_of_USBDeviceInit                     (abs)        000000
__size_of_USBDeviceTasks                    (abs)        000000
__size_of_USBEnableEndpoint                 (abs)        000000
__size_of_USBIncrement1msInternalTimers     (abs)        000000
__size_of_USBStallHandler                   (abs)        000000
__size_of_USBStdFeatureReqHandler           (abs)        000000
__size_of_USBStdGetDscHandler               (abs)        000000
__size_of_USBStdGetStatusHandler            (abs)        000000
__size_of_USBStdSetCfgHandler               (abs)        000000
__size_of_USBSuspend                        (abs)        000000
__size_of_USBTask                           (abs)        000000
__size_of_USBTransferOnePacket              (abs)        000000
__size_of_USBWakeFromSuspend                (abs)        000000
__size_of_USER_USB_CALLBACK_EVENT_HANDLER   (abs)        000000
__size_of_ctoa                              (abs)        000000
__size_of_fputc                             (abs)        000000
__size_of_fputs                             (abs)        000000
__size_of_getsUSBUSART                      (abs)        000000
__size_of_main                              (abs)        000000
__size_of_memcpy                            (abs)        000000
__size_of_memset                            (abs)        000000
__size_of_pad                               (abs)        000000
__size_of_putch                             (abs)        000000
__size_of_putrsUSBUSART                     (abs)        000000
__size_of_sprintf                           (abs)        000000
__size_of_strlen                            (abs)        000000
__size_of_vfpfcnvrt                         (abs)        000000
__size_of_vfprintf                          (abs)        000000
__size_ofi2_CDCInitEP                       (abs)        000000
__size_ofi2_USBCheckCDCRequest              (abs)        000000
__size_ofi2_USBCheckStdRequest              (abs)        000000
__size_ofi2_USBConfigureEndpoint            (abs)        000000
__size_ofi2_USBCtrlEPAllowDataStage         (abs)        000000
__size_ofi2_USBCtrlEPAllowStatusStage       (abs)        000000
__size_ofi2_USBCtrlEPService                (abs)        000000
__size_ofi2_USBCtrlEPServiceComplete        (abs)        000000
__size_ofi2_USBCtrlTrfInHandler             (abs)        000000
__size_ofi2_USBCtrlTrfOutHandler            (abs)        000000
__size_ofi2_USBCtrlTrfRxService             (abs)        000000
__size_ofi2_USBCtrlTrfSetupHandler          (abs)        000000
__size_ofi2_USBCtrlTrfTxService             (abs)        000000
__size_ofi2_USBDeviceInit                   (abs)        000000
__size_ofi2_USBDeviceTasks                  (abs)        000000
__size_ofi2_USBEnableEndpoint               (abs)        000000
__size_ofi2_USBIncrement1msInternalTimers   (abs)        000000
__size_ofi2_USBStallHandler                 (abs)        000000
__size_ofi2_USBStdFeatureReqHandler         (abs)        000000
__size_ofi2_USBStdGetDscHandler             (abs)        000000
__size_ofi2_USBStdGetStatusHandler          (abs)        000000
__size_ofi2_USBStdSetCfgHandler             (abs)        000000
__size_ofi2_USBSuspend                      (abs)        000000
__size_ofi2_USBTransferOnePacket            (abs)        000000
__size_ofi2_USBWakeFromSuspend              (abs)        000000
__size_ofi2_USER_USB_CALLBACK_EVENT_HANDLER (abs)        000000
__size_ofi2_memcpy                          (abs)        000000
__size_ofi2_memset                          (abs)        000000
__smallconst                                smallconst   000800
_buffer                                     bssBANK1     000100
_cdc_data_rx                                (abs)        000540
_cdc_data_tx                                (abs)        000500
_cdc_mem_type                               bssBANK0     00009C
_cdc_notice                                 bssBANK0     000060
_cdc_rx_len                                 bssBANK0     00009E
_cdc_trf_state                              bssBANK0     00009F
_cdc_tx_len                                 bssBANK0     00009D
_configDescriptor1                          smallconst   000809
_cont                                       bssCOMRAM    000009
_controlTransferState                       bssCOMRAM    000019
_control_signal_bitmap                      bssCOMRAM    000011
_ctoa                                       text5        004206
_dbuf                                       bssBANK1     000180
_device_dsc                                 smallconst   000898
_dummy_encapsulated_cmd_response            bssCOMRAM    00001B
_endpoint_number                            bssBANK0     0000A2
_ep_data_in                                 bssBANK0     00008D
_ep_data_out                                bssBANK0     00008A
_flags                                      bssBANK0     000096
_fputc                                      text9        00355E
_fputs                                      text8        0043F8
_getsUSBUSART                               text12       003868
_inPipes                                    bssBANK0     000072
_line_coding                                bssCOMRAM    000023
_main                                       text0        0046B0
_memcpy                                     text20       00430A
_memset                                     text42       001592
_nout                                       bssBANK0     000090
_outPipes                                   bssBANK0     00006A
_pBDTEntryEP0OutCurrent                     bssCOMRAM    00000F
_pBDTEntryEP0OutNext                        bssCOMRAM    00000D
_pBDTEntryIn                                bssBANK0     000078
_pBDTEntryOut                               bssBANK0     00007E
_pCDCDst                                    bssBANK0     000084
_pCDCSrc                                    bssBANK0     000087
_pDst                                       bssCOMRAM    00000B
_pad                                        text6        00362A
_prec                                       bssBANK0     000094
_putch                                      text10       0046CA
_putrsUSBUSART                              text11       003FA8
_sd000                                      smallconst   0008AA
_sd001                                      smallconst   00084C
_sd002                                      smallconst   000880
_shortPacketStatus                          bssCOMRAM    00001A
_sprintf                                    text2        0042B8
_strlen                                     text7        00454A
_vfpfcnvrt                                  text4        001B6A
_vfprintf                                   text3        0040E4
_width                                      bssBANK0     000092
btemp                                       temp         000053
ctoa@c                                      cstackBANK0  0000C6
ctoa@fp                                     cstackBANK0  0000C4
ctoa@w                                      cstackBANK0  0000C7
end_of_initialization                       cinit        004610
fputc@c                                     cstackBANK0  0000A9
fputc@fp                                    cstackBANK0  0000AB
fputs@c                                     cstackBANK0  0000B6
fputs@fp                                    cstackBANK0  0000B4
fputs@i                                     cstackBANK0  0000B7
fputs@s                                     cstackBANK0  0000B2
getsUSBUSART@buffer                         cstackBANK0  0000B4
getsUSBUSART@len                            cstackBANK0  0000B6
i2USBConfigureEndpoint@EPNum                cstackCOMRAM 00002F
i2USBConfigureEndpoint@direction            cstackCOMRAM 00002A
i2USBConfigureEndpoint@handle               cstackCOMRAM 000030
i2USBCtrlTrfInHandler@lastDTS               cstackCOMRAM 00002B
i2USBCtrlTrfRxService@byteToRead            cstackCOMRAM 00002B
i2USBCtrlTrfRxService@i                     cstackCOMRAM 00002A
i2USBCtrlTrfTxService@byteToSend            cstackCOMRAM 00002A
i2USBDeviceInit@i                           cstackCOMRAM 000036
i2USBDeviceTasks@i                          cstackCOMRAM 000048
i2USBEnableEndpoint@ep                      cstackCOMRAM 000035
i2USBEnableEndpoint@options                 cstackCOMRAM 000032
i2USBEnableEndpoint@p                       cstackCOMRAM 000033
i2USBStdFeatureReqHandler@current_ep_data   cstackCOMRAM 000042
i2USBStdFeatureReqHandler@p                 cstackCOMRAM 000043
i2USBStdFeatureReqHandler@pUEP              cstackCOMRAM 000040
i2USBStdGetStatusHandler@p                  cstackCOMRAM 00002C
i2USBStdSetCfgHandler@i                     cstackCOMRAM 00003E
i2USBTransferOnePacket@data                 cstackCOMRAM 00002B
i2USBTransferOnePacket@dir                  cstackCOMRAM 00002A
i2USBTransferOnePacket@ep                   cstackCOMRAM 000032
i2USBTransferOnePacket@handle               cstackCOMRAM 000033
i2USBTransferOnePacket@len                  cstackCOMRAM 00002D
i2USER_USB_CALLBACK_EVENT_HANDLER@event     cstackCOMRAM 000036
i2USER_USB_CALLBACK_EVENT_HANDLER@pdata     cstackCOMRAM 000038
i2USER_USB_CALLBACK_EVENT_HANDLER@size      cstackCOMRAM 00003A
i2_CDCInitEP                                text67       004080
i2_USBCheckCDCRequest                       text66       002E84
i2_USBCheckStdRequest                       text59       0026F0
i2_USBConfigureEndpoint                     text70       003B38
i2_USBCtrlEPAllowDataStage                  text58       0039D4
i2_USBCtrlEPAllowStatusStage                text73       003290
i2_USBCtrlEPService                         text54       0037AE
i2_USBCtrlEPServiceComplete                 text57       002470
i2_USBCtrlTrfInHandler                      text74       002F90
i2_USBCtrlTrfOutHandler                     text71       003F34
i2_USBCtrlTrfRxService                      text72       0020A8
i2_USBCtrlTrfSetupHandler                   text56       003D1E
i2_USBCtrlTrfTxService                      text75       002B5A
i2_USBDeviceInit                            text53       001E18
i2_USBDeviceTasks                           text48       000F90
i2_USBEnableEndpoint                        text69       0043AC
i2_USBIncrement1msInternalTimers            text52       0045B8
i2_USBStallHandler                          text51       0041A6
i2_USBStdFeatureReqHandler                  text64       000C34
i2_USBStdGetDscHandler                      text63       0019F6
i2_USBStdGetStatusHandler                   text62       002C6A
i2_USBStdSetCfgHandler                      text60       003472
i2_USBSuspend                               text50       00464C
i2_USBTransferOnePacket                     text68       0025B2
i2_USBWakeFromSuspend                       text49       0044C8
i2_USER_USB_CALLBACK_EVENT_HANDLER          text65       003E38
i2_memcpy                                   text55       00435C
i2_memset                                   text61       001880
i2memcpy@d                                  cstackCOMRAM 000030
i2memcpy@d1                                 cstackCOMRAM 00002A
i2memcpy@n                                  cstackCOMRAM 00002E
i2memcpy@s                                  cstackCOMRAM 000032
i2memcpy@s1                                 cstackCOMRAM 00002C
i2memcpy@tmp                                cstackCOMRAM 000034
i2memset@c                                  cstackCOMRAM 00002C
i2memset@dest                               cstackCOMRAM 00002A
i2memset@k                                  cstackCOMRAM 000032
i2memset@n                                  cstackCOMRAM 00002E
i2memset@s                                  cstackCOMRAM 000034
int$flags                                   temp         000053
intlevel0                                   text         000000
intlevel1                                   text         000000
intlevel2                                   text         000000
intlevel3                                   text         000000
memcpy@d                                    cstackBANK0  0000B0
memcpy@d1                                   cstackBANK0  0000A9
memcpy@n                                    cstackBANK0  0000AD
memcpy@s                                    cstackBANK0  0000B2
memcpy@s1                                   cstackBANK0  0000AB
memcpy@tmp                                  cstackBANK0  0000AF
memset@c                                    cstackBANK0  0000AB
memset@dest                                 cstackBANK0  0000A9
memset@k                                    cstackBANK0  0000B1
memset@n                                    cstackBANK0  0000AD
memset@s                                    cstackBANK0  0000B3
pad@buf                                     cstackBANK0  0000BB
pad@fp                                      cstackBANK0  0000B9
pad@i                                       cstackBANK0  0000C0
pad@p                                       cstackBANK0  0000BD
pad@w                                       cstackBANK0  0000C2
putrsUSBUSART@data                          cstackBANK0  0000A9
putrsUSBUSART@len                           cstackBANK0  0000AD
putrsUSBUSART@pData                         cstackBANK0  0000AB
sprintf@ap                                  cstackBANK0  0000E4
sprintf@f                                   cstackBANK0  0000E6
sprintf@fmt                                 cstackBANK0  0000DC
sprintf@s                                   cstackBANK0  0000DA
stackhi                                     (abs)        0007FF
stacklo                                     (abs)        000580
start                                       init         00007E
start_initialization                        cinit        0045EC
strlen@a                                    cstackBANK0  0000AB
strlen@s                                    cstackBANK0  0000A9
ttemp5                                      temp         000054
ttemp6                                      temp         000057
ttemp7                                      temp         00005B
vfpfcnvrt@ap                                cstackBANK0  0000CD
vfpfcnvrt@c                                 cstackBANK0  0000D1
vfpfcnvrt@fmt                               cstackBANK0  0000CB
vfpfcnvrt@fp                                cstackBANK0  0000C9
vfprintf@ap                                 cstackBANK0  0000D6
vfprintf@cfmt                               cstackBANK0  0000D8
vfprintf@fmt                                cstackBANK0  0000D4
vfprintf@fp                                 cstackBANK0  0000D2
wtemp8                                      temp         000054


FUNCTION INFORMATION:

 *************** function _main *****************
 Defined at:
		line 55 in file "main.c"
 Parameters:    Size  Location     Type
		None
 Auto vars:     Size  Location     Type
		None
 Return value:  Size  Location     Type
                  1    wreg      void 
 Registers used:
		wreg, fsr1l, fsr1h, fsr2l, fsr2h, status,2, status,0, tblptrl, tblptrh, tblptru, prodl, prodh, cstack
 Tracked objects:
		On entry : 
		On exit  : 
		Unchanged: 
 Data sizes:     COMRAM   BANK0   BANK1   BANK2   BANK3   BANK4   BANK5   BANK6   BANK7
      Params:         0       0       0       0       0       0       0       0       0
      Locals:         0       0       0       0       0       0       0       0       0
      Temps:          0       0       0       0       0       0       0       0       0
      Totals:         0       0       0       0       0       0       0       0       0
Total ram usage:        0 bytes
 Hardware stack levels required when called:   19
 This function calls:
		_SYSTEM_Initialize
		_USBDeviceTasks
		_USBTask
 This function is called by:
		Startup code after reset
 This function uses a non-reentrant model


 *************** function _USBTask *****************
 Defined at:
		line 80 in file "main.c"
 Parameters:    Size  Location     Type
		None
 Auto vars:     Size  Location     Type
  READ            1   69[BANK0 ] unsigned char 
 Return value:  Size  Location     Type
                  1    wreg      void 
 Registers used:
		wreg, fsr1l, fsr1h, fsr2l, fsr2h, status,2, status,0, tblptrl, tblptrh, tblptru, prodl, prodh, cstack
 Tracked objects:
		On entry : 
		On exit  : 
		Unchanged: 
 Data sizes:     COMRAM   BANK0   BANK1   BANK2   BANK3   BANK4   BANK5   BANK6   BANK7
      Params:         0       0       0       0       0       0       0       0       0
      Locals:         0       1       0       0       0       0       0       0       0
      Temps:          0       2       0       0       0       0       0       0       0
      Totals:         0       3       0       0       0       0       0       0       0
Total ram usage:        3 bytes
 Hardware stack levels used:    1
 Hardware stack levels required when called:   18
 This function calls:
		_CDCTxService
		_getsUSBUSART
		_putrsUSBUSART
		_sprintf
 This function is called by:
		_main
 This function uses a non-reentrant model


 *************** function _sprintf *****************
 Defined at:
		line 9 in file "C:\Program Files (x86)\Microchip\xc8\v2.10\pic\sources\c99\common\nf_sprintf.c"
 Parameters:    Size  Location     Type
[...]
		 -> BDT(48), 
  size            2   16[COMRAM] unsigned short 
 Auto vars:     Size  Location     Type
		None
 Return value:  Size  Location     Type
                  1    wreg      _Bool 
 Registers used:
		wreg, fsr2l, fsr2h, status,2, status,0, prodl, prodh, cstack
 Tracked objects:
		On entry : 
		On exit  : 
		Unchanged: 
 Data sizes:     COMRAM   BANK0   BANK1   BANK2   BANK3   BANK4   BANK5   BANK6   BANK7
      Params:         6       0       0       0       0       0       0       0       0
      Locals:         0       0       0       0       0       0       0       0       0
      Temps:          2       0       0       0       0       0       0       0       0
      Totals:         8       0       0       0       0       0       0       0       0
Total ram usage:        8 bytes
 Hardware stack levels used:    1
 Hardware stack levels required when called:    3
 This function calls:
		i2_CDCInitEP
		i2_USBCheckCDCRequest
 This function is called by:
		i2_USBDeviceTasks
		i2_USBStdSetCfgHandler
		i2_USBSuspend
		i2_USBWakeFromSuspend
		i2_USBCtrlTrfSetupHandler
		i2_USBCheckStdRequest
		i2_USBStdFeatureReqHandler
 This function uses a non-reentrant model


 *************** function i2_USBCheckCDCRequest *****************
 Defined at:
		line 147 in file "mcc_generated_files/usb/usb_device_cdc.c"
 Parameters:    Size  Location     Type
		None
 Auto vars:     Size  Location     Type
		None
 Return value:  Size  Location     Type
                  1    wreg      void 
 Registers used:
		wreg, status,2, status,0
 Tracked objects:
		On entry : 
		On exit  : 
		Unchanged: 
 Data sizes:     COMRAM   BANK0   BANK1   BANK2   BANK3   BANK4   BANK5   BANK6   BANK7
      Params:         0       0       0       0       0       0       0       0       0
      Locals:         0       0       0       0       0       0       0       0       0
      Temps:          2       0       0       0       0       0       0       0       0
      Totals:         2       0       0       0       0       0       0       0       0
Total ram usage:        2 bytes
 Hardware stack levels used:    1
 This function calls:
		Nothing
 This function is called by:
		i2_USER_USB_CALLBACK_EVENT_HANDLER
 This function uses a non-reentrant model


 *************** function i2_CDCInitEP *****************
 Defined at:
		line 294 in file "mcc_generated_files/usb/usb_device_cdc.c"
 Parameters:    Size  Location     Type
		None
 Auto vars:     Size  Location     Type
		None
 Return value:  Size  Location     Type
                  1    wreg      void 
 Registers used:
		wreg, fsr2l, fsr2h, status,2, status,0, prodl, prodh, cstack
 Tracked objects:
		On entry : 
		On exit  : 
		Unchanged: 
 Data sizes:     COMRAM   BANK0   BANK1   BANK2   BANK3   BANK4   BANK5   BANK6   BANK7
      Params:         0       0       0       0       0       0       0       0       0
      Locals:         0       0       0       0       0       0       0       0       0
      Temps:          0       0       0       0       0       0       0       0       0
      Totals:         0       0       0       0       0       0       0       0       0
Total ram usage:        0 bytes
 Hardware stack levels used:    1
 Hardware stack levels required when called:    2
 This function calls:
		i2_USBEnableEndpoint
		i2_USBTransferOnePacket
 This function is called by:
		i2_USER_USB_CALLBACK_EVENT_HANDLER
 This function uses a non-reentrant model


 *************** function i2_USBTransferOnePacket *****************
 Defined at:
		line 999 in file "mcc_generated_files/usb/usb_device.c"
 Parameters:    Size  Location     Type
  ep              1    wreg     unsigned char 
  dir             1    0[COMRAM] unsigned char 
  data            2    1[COMRAM] PTR unsigned char 
		 -> cdc_data_tx(64), cdc_data_rx(64), NULL(0), 
  len             1    3[COMRAM] unsigned char 
 Auto vars:     Size  Location     Type
  ep              1    8[COMRAM] unsigned char 
  USBTransferO    2    9[COMRAM] PTR volatile struct __BD
		 -> RAM(2047), NULL(0), BDT(48), 
 Return value:  Size  Location     Type
                  2    0[COMRAM] PTR void 
 Registers used:
		wreg, fsr2l, fsr2h, status,2, status,0, prodl, prodh
 Tracked objects:
		On entry : 
		On exit  : 
		Unchanged: 
 Data sizes:     COMRAM   BANK0   BANK1   BANK2   BANK3   BANK4   BANK5   BANK6   BANK7
      Params:         4       0       0       0       0       0       0       0       0
      Locals:         3       0       0       0       0       0       0       0       0
      Temps:          4       0       0       0       0       0       0       0       0
      Totals:        11       0       0       0       0       0       0       0       0
Total ram usage:       11 bytes
 Hardware stack levels used:    1
 This function calls:
		Nothing
 This function is called by:
		i2_CDCInitEP
 This function uses a non-reentrant model


 *************** function i2_USBEnableEndpoint *****************
 Defined at:
		line 882 in file "mcc_generated_files/usb/usb_device.c"
 Parameters:    Size  Location     Type
  ep              1    wreg     unsigned char 
  options         1    8[COMRAM] unsigned char 
 Auto vars:     Size  Location     Type
  ep              1   11[COMRAM] unsigned char 
  USBEnableEnd    2    9[COMRAM] PTR unsigned char 
		 -> UEP0(1), 
 Return value:  Size  Location     Type
                  1    wreg      void 
 Registers used:
		wreg, fsr2l, fsr2h, status,2, status,0, prodl, prodh, cstack
 Tracked objects:
		On entry : 
		On exit  : 
		Unchanged: 
 Data sizes:     COMRAM   BANK0   BANK1   BANK2   BANK3   BANK4   BANK5   BANK6   BANK7
      Params:         1       0       0       0       0       0       0       0       0
      Locals:         3       0       0       0       0       0       0       0       0
      Temps:          0       0       0       0       0       0       0       0       0
      Totals:         4       0       0       0       0       0       0       0       0
Total ram usage:        4 bytes
 Hardware stack levels used:    1
 Hardware stack levels required when called:    1
 This function calls:
		i2_USBConfigureEndpoint
 This function is called by:
		i2_CDCInitEP
 This function uses a non-reentrant model


 *************** function i2_USBConfigureEndpoint *****************
 Defined at:
		line 1547 in file "mcc_generated_files/usb/usb_device.c"
 Parameters:    Size  Location     Type
  EPNum           1    wreg     unsigned char 
  direction       1    0[COMRAM] unsigned char 
 Auto vars:     Size  Location     Type
  EPNum           1    5[COMRAM] unsigned char 
  USBConfigure    2    6[COMRAM] PTR volatile struct __BD
		 -> BDT(48), 
 Return value:  Size  Location     Type
                  1    wreg      void 
 Registers used:
		wreg, fsr2l, fsr2h, status,2, status,0, prodl, prodh
 Tracked objects:
		On entry : 
		On exit  : 
		Unchanged: 
 Data sizes:     COMRAM   BANK0   BANK1   BANK2   BANK3   BANK4   BANK5   BANK6   BANK7
      Params:         1       0       0       0       0       0       0       0       0
      Locals:         3       0       0       0       0       0       0       0       0
      Temps:          4       0       0       0       0       0       0       0       0
      Totals:         8       0       0       0       0       0       0       0       0
Total ram usage:        8 bytes
 Hardware stack levels used:    1
 This function calls:
		Nothing
 This function is called by:
		i2_USBEnableEndpoint
 This function uses a non-reentrant model


 *************** function i2_USBCtrlTrfOutHandler *****************
 Defined at:
		line 2542 in file "mcc_generated_files/usb/usb_device.c"
 Parameters:    Size  Location     Type
		None
 Auto vars:     Size  Location     Type
		None
 Return value:  Size  Location     Type
                  1    wreg      void 
 Registers used:
		wreg, fsr1l, fsr1h, fsr2l, fsr2h, status,2, status,0, cstack
 Tracked objects:
		On entry : 
		On exit  : 
		Unchanged: 
 Data sizes:     COMRAM   BANK0   BANK1   BANK2   BANK3   BANK4   BANK5   BANK6   BANK7
      Params:         0       0       0       0       0       0       0       0       0
      Locals:         0       0       0       0       0       0       0       0       0
      Temps:          0       0       0       0       0       0       0       0       0
      Totals:         0       0       0       0       0       0       0       0       0
Total ram usage:        0 bytes
 Hardware stack levels used:    1
 Hardware stack levels required when called:    2
 This function calls:
		i2_USBCtrlTrfRxService
 This function is called by:
		i2_USBCtrlEPService
 This function uses a non-reentrant model


 *************** function i2_USBCtrlTrfRxService *****************
 Defined at:
		line 1856 in file "mcc_generated_files/usb/usb_device.c"
 Parameters:    Size  Location     Type
		None
 Auto vars:     Size  Location     Type
  USBCtrlTrfRx    1    1[COMRAM] unsigned char 
  USBCtrlTrfRx    1    0[COMRAM] unsigned char 
 Return value:  Size  Location     Type
                  1    wreg      void 
 Registers used:
		wreg, fsr1l, fsr1h, fsr2l, fsr2h, status,2, status,0, cstack
 Tracked objects:
		On entry : 
		On exit  : 
		Unchanged: 
 Data sizes:     COMRAM   BANK0   BANK1   BANK2   BANK3   BANK4   BANK5   BANK6   BANK7
      Params:         0       0       0       0       0       0       0       0       0
      Locals:         2       0       0       0       0       0       0       0       0
      Temps:          0       0       0       0       0       0       0       0       0
      Totals:         2       0       0       0       0       0       0       0       0
Total ram usage:        2 bytes
 Hardware stack levels used:    1
 Hardware stack levels required when called:    1
 This function calls:
		i2_USBCtrlEPAllowStatusStage
 This function is called by:
		i2_USBCtrlTrfOutHandler
 This function uses a non-reentrant model


 *************** function i2_USBCtrlEPAllowStatusStage *****************
 Defined at:
		line 1420 in file "mcc_generated_files/usb/usb_device.c"
 Parameters:    Size  Location     Type
		None
 Auto vars:     Size  Location     Type
		None
 Return value:  Size  Location     Type
                  1    wreg      void 
 Registers used:
		wreg, fsr2l, fsr2h, status,2, status,0
 Tracked objects:
		On entry : 
		On exit  : 
		Unchanged: 
 Data sizes:     COMRAM   BANK0   BANK1   BANK2   BANK3   BANK4   BANK5   BANK6   BANK7
      Params:         0       0       0       0       0       0       0       0       0
      Locals:         0       0       0       0       0       0       0       0       0
      Temps:          0       0       0       0       0       0       0       0       0
      Totals:         0       0       0       0       0       0       0       0       0
Total ram usage:        0 bytes
 Hardware stack levels used:    1
 This function calls:
		Nothing
 This function is called by:
		i2_USBDeviceTasks
		i2_USBCtrlEPServiceComplete
		i2_USBCtrlTrfRxService
 This function uses a non-reentrant model


 *************** function i2_USBCtrlTrfInHandler *****************
 Defined at:
		line 2596 in file "mcc_generated_files/usb/usb_device.c"
 Parameters:    Size  Location     Type
		None
 Auto vars:     Size  Location     Type
  USBCtrlTrfIn    1    1[COMRAM] unsigned char 
 Return value:  Size  Location     Type
                  1    wreg      void 
 Registers used:
		wreg, fsr1l, fsr1h, fsr2l, fsr2h, status,2, status,0, tblptrl, tblptrh, tblptru, cstack
 Tracked objects:
		On entry : 
		On exit  : 
		Unchanged: 
 Data sizes:     COMRAM   BANK0   BANK1   BANK2   BANK3   BANK4   BANK5   BANK6   BANK7
      Params:         0       0       0       0       0       0       0       0       0
      Locals:         1       0       0       0       0       0       0       0       0
      Temps:          0       0       0       0       0       0       0       0       0
      Totals:         1       0       0       0       0       0       0       0       0
Total ram usage:        1 bytes
 Hardware stack levels used:    1
 Hardware stack levels required when called:    1
 This function calls:
		i2_USBCtrlTrfTxService
 This function is called by:
		i2_USBCtrlEPService
 This function uses a non-reentrant model


 *************** function i2_USBCtrlTrfTxService *****************
 Defined at:
		line 1775 in file "mcc_generated_files/usb/usb_device.c"
 Parameters:    Size  Location     Type
		None
 Auto vars:     Size  Location     Type
  USBCtrlTrfTx    1    0[COMRAM] unsigned char 
 Return value:  Size  Location     Type
                  1    wreg      void 
 Registers used:
		wreg, fsr1l, fsr1h, fsr2l, fsr2h, status,2, status,0, tblptrl, tblptrh, tblptru
 Tracked objects:
		On entry : 
		On exit  : 
		Unchanged: 
 Data sizes:     COMRAM   BANK0   BANK1   BANK2   BANK3   BANK4   BANK5   BANK6   BANK7
      Params:         0       0       0       0       0       0       0       0       0
      Locals:         1       0       0       0       0       0       0       0       0
      Temps:          0       0       0       0       0       0       0       0       0
      Totals:         1       0       0       0       0       0       0       0       0
Total ram usage:        1 bytes
 Hardware stack levels used:    1
 This function calls:
		Nothing
 This function is called by:
		i2_USBCtrlEPAllowDataStage
		i2_USBCtrlTrfInHandler
 This function uses a non-reentrant model



MODULE INFORMATION

Module		Function		Class		Link	Load	Size
mcc_generated_files/interrupt_manager.c
		_INTERRUPT_Initialize		CODE           	46C4	0000	7
		_INTERRUPT_InterruptManagerHigh		CODE           	0008	0000	119

mcc_generated_files/interrupt_manager.c estimated size: 126

C:\Program Files (x86)\Microchip\xc8\v2.10\pic\sources\c99\common\strlen.c
		_strlen        		CODE           	454A	0000	59

C:\Program Files (x86)\Microchip\xc8\v2.10\pic\sources\c99\common\strlen.c estimated size: 59

C:\Program Files (x86)\Microchip\xc8\v2.10\pic\sources\c99\common\memset.c
		_memset        		CODE           	1592	0000	377

C:\Program Files (x86)\Microchip\xc8\v2.10\pic\sources\c99\common\memset.c estimated size: 377

mcc_generated_files/pin_manager.c
		_PIN_MANAGER_Initialize		CODE           	450A	0000	65

mcc_generated_files/pin_manager.c estimated size: 65

C:\Program Files (x86)\Microchip\xc8\v2.10\pic\sources\c99\common\doprnt.c
		_vfpfcnvrt     		CODE           	1B6A	0000	355
		_pad           		CODE           	362A	0000	203
		_ctoa          		CODE           	4206	0000	95
		_vfprintf      		CODE           	40E4	0000	99

C:\Program Files (x86)\Microchip\xc8\v2.10\pic\sources\c99\common\doprnt.c estimated size: 752

mcc_generated_files/usb/usb_device_cdc.c
		_CDCTxService  		CODE           	13F8	0000	411
		_CDCInitEP     		CODE           	4018	0000	105
		_putrsUSBUSART 		CODE           	3FA8	0000	113
		_getsUSBUSART  		CODE           	3868	0000	185
		_USBCheckCDCRequest		CODE           	309A	0000	261

mcc_generated_files/usb/usb_device_cdc.c estimated size: 1075

C:\Program Files (x86)\Microchip\xc8\v2.10\pic\sources\c99\common\nf_fputs.c
		_fputs         		CODE           	43F8	0000	73

C:\Program Files (x86)\Microchip\xc8\v2.10\pic\sources\c99\common\nf_fputs.c estimated size: 73

shared
		i2_USBIncrement1msInternalTimers		CODE           	45B8	0000	53
		_configDescriptor1		SMALLCONST     	0809	0000	68
		_USB_CD_Ptr    		SMALLCONST     	0807	0000	3
		_sd001         		SMALLCONST     	084C	0000	53
		i2_USBCtrlEPService		CODE           	37AE	0000	187
		i2_USBCtrlEPServiceComplete		CODE           	2470	0000	323
		i2_USBCtrlTrfSetupHandler		CODE           	3D1E	0000	145
		_sd002         		SMALLCONST     	0880	0000	25
		i2_USBCtrlEPAllowStatusStage		CODE           	3290	0000	243
		i2_USBCtrlTrfOutHandler		CODE           	3F34	0000	117
		i2_USBDeviceInit		CODE           	1E18	0000	333
		i2_USBWakeFromSuspend		CODE           	44C8	0000	67
		i2_USBConfigureEndpoint		CODE           	3B38	0000	173
		i2_USBStdSetCfgHandler		CODE           	3472	0000	237
		i2_USBStdGetDscHandler		CODE           	19F6	0000	373
		__initialization		CODE           	45EC	0000	37
		i2_USBStallHandler		CODE           	41A6	0000	97
		_device_dsc    		SMALLCONST     	0898	0000	19
		i2_USBStdGetStatusHandler		CODE           	2C6A	0000	271
		i2_CDCInitEP   		CODE           	4080	0000	101
		i2_USER_USB_CALLBACK_EVENT_HANDLER		CODE           	3E38	0000	137
		i2_USBStdFeatureReqHandler		CODE           	0C34	0000	861
		_USB_SD_Ptr    		SMALLCONST     	0801	0000	7
		i2_memset      		CODE           	1880	0000	375
		i2_USBCheckCDCRequest		CODE           	2E84	0000	269
		_sd000         		SMALLCONST     	08AA	0000	5
		i2_USBEnableEndpoint		CODE           	43AC	0000	77
		i2_USBDeviceTasks		CODE           	0F90	0000	567
		i2_USBCtrlTrfRxService		CODE           	20A8	0000	325
		i2_USBCtrlTrfTxService		CODE           	2B5A	0000	273
		i2_USBCheckStdRequest		CODE           	26F0	0000	295
		i2_memcpy      		CODE           	435C	0000	81
		i2_USBTransferOnePacket		CODE           	25B2	0000	319
		i2_USBCtrlTrfInHandler		CODE           	2F90	0000	267
		i2_USBSuspend  		CODE           	464C	0000	47
		i2_USBCtrlEPAllowDataStage		CODE           	39D4	0000	181

shared estimated size: 7011

mcc_generated_files/usb/usb_device_events.c
		_USER_USB_CALLBACK_EVENT_HANDLER		CODE           	3DAE	0000	139

mcc_generated_files/usb/usb_device_events.c estimated size: 139

C:\Program Files (x86)\Microchip\xc8\v2.10\pic\sources\c99\common\putch.c
		_putch         		CODE           	46CA	0000	3

C:\Program Files (x86)\Microchip\xc8\v2.10\pic\sources\c99\common\putch.c estimated size: 3

mcc_generated_files/mcc.c
		_OSCILLATOR_Initialize		CODE           	467A	0000	33
		_SYSTEM_Initialize		CODE           	469A	0000	23

mcc_generated_files/mcc.c estimated size: 56

C:\Program Files (x86)\Microchip\xc8\v2.10\pic\sources\c99\common\memcpy.c
		_memcpy        		CODE           	430A	0000	83

C:\Program Files (x86)\Microchip\xc8\v2.10\pic\sources\c99\common\memcpy.c estimated size: 83

C:\Program Files (x86)\Microchip\xc8\v2.10\pic\sources\c99\common\nf_sprintf.c
		_sprintf       		CODE           	42B8	0000	83

C:\Program Files (x86)\Microchip\xc8\v2.10\pic\sources\c99\common\nf_sprintf.c estimated size: 83

main.c
		_main          		CODE           	46B0	0000	21
		_USBTask       		CODE           	3BE4	0000	169

main.c estimated size: 190

mcc_generated_files/usb/usb_device.c
		_USBCtrlTrfInHandler		CODE           	2D78	0000	269
		_USBTransferOnePacket		CODE           	232E	0000	323
		_USBDeviceAttach		CODE           	4440	0000	71
		_USBStdGetDscHandler		CODE           	170A	0000	375
		_USBCtrlEPAllowDataStage		CODE           	3920	0000	181
		_USBStdFeatureReqHandler		CODE           	08BA	0000	891
		_USBCtrlEPAllowStatusStage		CODE           	319E	0000	243
		_USBCtrlTrfSetupHandler		CODE           	3C8C	0000	147
		_USBCtrlTrfOutHandler		CODE           	3EC0	0000	117
		_USBCtrlEPServiceComplete		CODE           	21EC	0000	323
		_USBSuspend    		CODE           	461E	0000	47
		_USBStdSetCfgHandler		CODE           	3382	0000	241
		_USBStdGetStatusHandler		CODE           	293A	0000	273
		_USBWakeFromSuspend		CODE           	4486	0000	67
		_USBCtrlTrfRxService		CODE           	1F64	0000	325
		_USBCtrlTrfTxService		CODE           	2A4A	0000	273
		_USBEnableEndpoint		CODE           	4264	0000	85
		_USBConfigureEndpoint		CODE           	3A88	0000	177
		_USBDeviceInit 		CODE           	1CCC	0000	333
		_USBIncrement1msInternalTimers		CODE           	4584	0000	53
		_USBCtrlEPService		CODE           	36F4	0000	187
		_USBStallHandler		CODE           	4146	0000	97
		_USBDeviceTasks		CODE           	11C6	0000	563
		_USBCheckStdRequest		CODE           	2816	0000	293

mcc_generated_files/usb/usb_device.c estimated size: 5954

C:\Program Files (x86)\Microchip\xc8\v2.10\pic\sources\c99\common\nf_fputc.c
		_fputc         		CODE           	355E	0000	205

C:\Program Files (x86)\Microchip\xc8\v2.10\pic\sources\c99\common\nf_fputc.c estimated size: 205

